
> portal@0.0.0 build
> docusaurus build


 ------------------------------------------------------------------------------                                                                                                          Update available 3.8.1 ÔåÆ 3.9.2                                                                                                                 To upgrade Docusaurus packages with the latest version, run the                                       following command:                                        `npm i @docusaurus/core@latest @docusaurus/preset-classic@latest               @docusaurus/module-type-aliases@latest @docusaurus/tsconfig@latest                                  @docusaurus/types@latest`                                                                                                             ------------------------------------------------------------------------------ 

[INFO] Website will be built for all these locales: 
- es
- en
[INFO] [es] Creating an optimized production build...
[90m[[90mwebpackbar[90m][39m [36mÔä╣[39m Compiling Client
[90m[[90mwebpackbar[90m][39m [36mÔä╣[39m Compiling Server
[90m[[90mwebpackbar[90m][39m [32mÔ£ö[39m Server: Compiled successfully in 1.94s
[90m[[90mwebpackbar[90m][39m [32mÔ£ö[39m Client: Compiled successfully in 2.33s
node.exe : [supabaseClient] SUPABASE_URL or SUPABASE_ANON_KEY not found in process.env ÔÇö using fallback values.
En C:\Program Files\nodejs\npm.ps1: 29 Carácter: 3
+   & $NODE_EXE $NPM_CLI_JS $args
+   ~~~~~~~~~~~~~~~~~~~~~~~~~~~~~
    + CategoryInfo          : NotSpecified: ([supabaseClient...allback values.:String) [], RemoteException
    + FullyQualifiedErrorId : NativeCommandError
 
Root loaded
AuthProvider mounted
AuthProvider mounted
AuthProvider mounted
AuthProvider mounted
AuthProvider mounted
AuthProvider mounted
AuthProvider mounted
AuthProvider mounted
AuthProvider mounted
AuthProvider mounted
AuthProvider mounted
AuthProvider mounted
AuthProvider mounted
AuthProvider mounted
AuthProvider mounted
AuthProvider mounted
AuthProvider mounted
AuthProvider mounted
AuthProvider mounted
AuthProvider mounted
{
  id: 'admin/index',
  title: 'Administraci├│n de Clientes',
  description: 'En esta secci├│n podr├ís gestionar la incorporaci├│n de nuevos clientes y mantenerlos informados sobre las ├║ltimas novedades de cada producto.',
  source: '@site/docs/admin/index.md',
  sourceDirName: 'admin',
  slug: '/admin/',
  permalink: '/docs/admin/',
  draft: false,
  unlisted: false,
  tags: [],
  version: 'current',
  sidebarPosition: 1,
  frontMatter: {
    title: 'Administraci├│n de Clientes',
    sidebar_position: 1,
    iconName: 'gear',
    hide_table_of_contents: true
  },
  sidebar: 'admin',
  next: { title: 'Actualizar archivos', permalink: '/docs/admin/archivos' }
}
gear
AuthProvider mounted
{
  id: 'admin/archivos',
  title: 'Actualizar archivos',
  description: '',
  source: '@site/docs/admin/archivos.md',
  sourceDirName: 'admin',
  slug: '/admin/archivos',
  permalink: '/docs/admin/archivos',
  draft: false,
  unlisted: false,
  tags: [],
  version: 'current',
  sidebarPosition: 2,
  frontMatter: { title: 'Actualizar archivos', sidebar_position: 2 },
  sidebar: 'admin',
  previous: { title: 'Administraci├│n de Clientes', permalink: '/docs/admin/' }
}
undefined
AuthProvider mounted
{
  id: 'businessoneanalytics/intro',
  title: 'SAP Business One',
  description: 'Material Comercial',
  source: '@site/docs/businessoneanalytics/intro.md',
  sourceDirName: 'businessoneanalytics',
  slug: '/businessoneanalytics/intro',
  permalink: '/docs/businessoneanalytics/intro',
  draft: false,
  unlisted: false,
  tags: [],
  version: 'current',
  sidebarPosition: 1,
  frontMatter: {
    sidebar_label: 'SAP Business One analytics',
    title: 'SAP Business One',
    sidebar_position: 1,
    iconName: 'SAP',
    useBrand: true
  },
  sidebar: 'businessone',
  next: {
    title: 'Battle Card',
    permalink: '/docs/businessoneanalytics/presales/Battle/'
  }
}
SAP
AuthProvider mounted
{
  id: 'businessoneanalytics/presales/Battle/index',
  title: 'Battle Card',
  description: '',
  source: '@site/docs/businessoneanalytics/presales/Battle/index.md',
  sourceDirName: 'businessoneanalytics/presales/Battle',
  slug: '/businessoneanalytics/presales/Battle/',
  permalink: '/docs/businessoneanalytics/presales/Battle/',
  draft: false,
  unlisted: false,
  tags: [],
  version: 'current',
  frontMatter: { title: 'Battle Card' },
  sidebar: 'businessone',
  previous: {
    title: 'SAP Business One analytics',
    permalink: '/docs/businessoneanalytics/intro'
  },
  next: {
    title: 'Demos',
    permalink: '/docs/businessoneanalytics/presales/demos'
  }
}
undefined
AuthProvider mounted
{
  id: 'businessoneanalytics/presales/demos',
  title: 'Demos',
  description: '',
  source: '@site/docs/businessoneanalytics/presales/demos.md',
  sourceDirName: 'businessoneanalytics/presales',
  slug: '/businessoneanalytics/presales/demos',
  permalink: '/docs/businessoneanalytics/presales/demos',
  draft: false,
  unlisted: false,
  tags: [],
  version: 'current',
  sidebarPosition: 2,
  frontMatter: { title: 'Demos', sidebar_position: 2 },
  sidebar: 'businessone',
  previous: {
    title: 'Battle Card',
    permalink: '/docs/businessoneanalytics/presales/Battle/'
  },
  next: {
    title: 'Casos de uso',
    permalink: '/docs/businessoneanalytics/Sales/casosdeuso'
  }
}
undefined
AuthProvider mounted
{
  id: 'businessoneanalytics/Sales/casosdeuso',
  title: 'Casos de uso',
  description: '',
  source: '@site/docs/businessoneanalytics/Sales/casosdeuso.md',
  sourceDirName: 'businessoneanalytics/Sales',
  slug: '/businessoneanalytics/Sales/casosdeuso',
  permalink: '/docs/businessoneanalytics/Sales/casosdeuso',
  draft: false,
  unlisted: false,
  tags: [],
  version: 'current',
  sidebarPosition: 2,
  frontMatter: { title: 'Casos de uso', sidebar_position: 2 },
  sidebar: 'businessone',
  previous: {
    title: 'Demos',
    permalink: '/docs/businessoneanalytics/presales/demos'
  },
  next: {
    title: 'Pricing',
    permalink: '/docs/businessoneanalytics/Sales/price'
  }
}
undefined
AuthProvider mounted
{
  id: 'businessoneanalytics/Sales/price',
  title: 'Pricing',
  description: 'Material Comercial',
  source: '@site/docs/businessoneanalytics/Sales/price.md',
  sourceDirName: 'businessoneanalytics/Sales',
  slug: '/businessoneanalytics/Sales/price',
  permalink: '/docs/businessoneanalytics/Sales/price',
  draft: false,
  unlisted: false,
  tags: [],
  version: 'current',
  frontMatter: { title: 'Pricing' },
  sidebar: 'businessone',
  previous: {
    title: 'Casos de uso',
    permalink: '/docs/businessoneanalytics/Sales/casosdeuso'
  }
}
undefined
AuthProvider mounted
{
  id: 'bydesign/intro',
  title: 'SAP ByDesign',
  description: 'Material Comercial',
  source: '@site/docs/bydesign/intro.md',
  sourceDirName: 'bydesign',
  slug: '/bydesign/intro',
  permalink: '/docs/bydesign/intro',
  draft: false,
  unlisted: false,
  tags: [],
  version: 'current',
  sidebarPosition: 1,
  frontMatter: {
    sidebar_label: 'SAP ByDesign',
    title: 'SAP ByDesign',
    sidebar_position: 1,
    iconName: 'SAP',
    useBrand: true,
    pdfDoc: 'https://seidoranalytics-my.sharepoint.com/:p:/g/personal/admin_seidoranalytics_onmicrosoft_com/EZD00uZADrJErpRtvUNsoJMBI_F1KpheHf3VZ72qqrPs7Q?e=25WqFW'
  },
  sidebar: 'bydesign',
  next: {
    title: 'Battle Card',
    permalink: '/docs/bydesign/presales/Battle/'
  }
}
SAP
AuthProvider mounted
{
  id: 'bydesign/presales/Battle/index',
  title: 'Battle Card',
  description: '',
  source: '@site/docs/bydesign/presales/Battle/index.md',
  sourceDirName: 'bydesign/presales/Battle',
  slug: '/bydesign/presales/Battle/',
  permalink: '/docs/bydesign/presales/Battle/',
  draft: false,
  unlisted: false,
  tags: [],
  version: 'current',
  frontMatter: { title: 'Battle Card' },
  sidebar: 'bydesign',
  previous: { title: 'SAP ByDesign', permalink: '/docs/bydesign/intro' },
  next: { title: 'Demos', permalink: '/docs/bydesign/presales/demos' }
}
undefined
AuthProvider mounted
{
  id: 'bydesign/presales/demos',
  title: 'Demos',
  description: '',
  source: '@site/docs/bydesign/presales/demos.md',
  sourceDirName: 'bydesign/presales',
  slug: '/bydesign/presales/demos',
  permalink: '/docs/bydesign/presales/demos',
  draft: false,
  unlisted: false,
  tags: [],
  version: 'current',
  sidebarPosition: 2,
  frontMatter: { title: 'Demos', sidebar_position: 2 },
  sidebar: 'bydesign',
  previous: {
    title: 'Battle Card',
    permalink: '/docs/bydesign/presales/Battle/'
  },
  next: {
    title: 'Casos de uso',
    permalink: '/docs/bydesign/Sales/casosdeuso'
  }
}
undefined
AuthProvider mounted
{
  id: 'bydesign/Sales/casosdeuso',
  title: 'Casos de uso',
  description: '',
  source: '@site/docs/bydesign/Sales/casosdeuso.md',
  sourceDirName: 'bydesign/Sales',
  slug: '/bydesign/Sales/casosdeuso',
  permalink: '/docs/bydesign/Sales/casosdeuso',
  draft: false,
  unlisted: false,
  tags: [],
  version: 'current',
  sidebarPosition: 2,
  frontMatter: { title: 'Casos de uso', sidebar_position: 2 },
  sidebar: 'bydesign',
  previous: { title: 'Demos', permalink: '/docs/bydesign/presales/demos' },
  next: { title: 'Pricing', permalink: '/docs/bydesign/Sales/price' }
}
undefined
AuthProvider mounted
{
  id: 'bydesign/Sales/price',
  title: 'Pricing',
  description: 'Material Comercial',
  source: '@site/docs/bydesign/Sales/price.md',
  sourceDirName: 'bydesign/Sales',
  slug: '/bydesign/Sales/price',
  permalink: '/docs/bydesign/Sales/price',
  draft: false,
  unlisted: false,
  tags: [],
  version: 'current',
  frontMatter: { title: 'Pricing' },
  sidebar: 'bydesign',
  previous: {
    title: 'Casos de uso',
    permalink: '/docs/bydesign/Sales/casosdeuso'
  }
}
undefined
AuthProvider mounted
AuthProvider mounted
{
  id: 'cc/documentacion/index',
  title: 'Documentacion',
  description: '<BoxDoc',
  source: '@site/docs/cc/documentacion/index.md',
  sourceDirName: 'cc/documentacion',
  slug: '/cc/documentacion/',
  permalink: '/docs/cc/documentacion/',
  draft: false,
  unlisted: false,
  tags: [],
  version: 'current',
  frontMatter: { title: 'Documentacion' },
  sidebar: 'ccSidebar',
  previous: { title: 'Pricing', permalink: '/docs/cc/Sales/price' }
}
undefined
AuthProvider mounted
{
  id: 'cc/intro',
  title: 'Cloud Costing',
  description: 'La Soluci├│n de Administraci├│n de costos en la nube, una plataforma innovadora que ofrece una visibilidad completa y en tiempo real de los costos de los recursos de la nube utilizados por su empresa, lo que le permite identificar de manera r├ípida y precisa ├íreas de oportunidad para optimizar sus consumos.',
  source: '@site/docs/cc/intro.md',
  sourceDirName: 'cc',
  slug: '/cc/intro',
  permalink: '/docs/cc/intro',
  draft: false,
  unlisted: false,
  tags: [],
  version: 'current',
  sidebarPosition: 1,
  frontMatter: {
    title: 'Cloud Costing',
    sidebar_position: 1,
    iconName: 'CloudCosting',
    useBrand: true
  },
  sidebar: 'ccSidebar',
  next: { title: 'Battle Card', permalink: '/docs/cc/presales/Battle/' }
}
CloudCosting
AuthProvider mounted
{
  id: 'cc/presales/Battle/index',
  title: 'Battle Card',
  description: '',
  source: '@site/docs/cc/presales/Battle/index.md',
  sourceDirName: 'cc/presales/Battle',
  slug: '/cc/presales/Battle/',
  permalink: '/docs/cc/presales/Battle/',
  draft: false,
  unlisted: false,
  tags: [],
  version: 'current',
  frontMatter: { title: 'Battle Card' },
  sidebar: 'ccSidebar',
  previous: { title: 'Cloud Costing', permalink: '/docs/cc/intro' },
  next: { title: 'Demos', permalink: '/docs/cc/presales/demos' }
}
undefined
AuthProvider mounted
{
  id: 'cc/presales/demos',
  title: 'Demos',
  description: '',
  source: '@site/docs/cc/presales/demos.md',
  sourceDirName: 'cc/presales',
  slug: '/cc/presales/demos',
  permalink: '/docs/cc/presales/demos',
  draft: false,
  unlisted: false,
  tags: [],
  version: 'current',
  sidebarPosition: 2,
  frontMatter: { title: 'Demos', sidebar_position: 2 },
  sidebar: 'ccSidebar',
  previous: { title: 'Battle Card', permalink: '/docs/cc/presales/Battle/' },
  next: { title: 'Comercial', permalink: '/docs/cc/Sales/' }
}
undefined
AuthProvider mounted
{
  id: 'cc/Sales/index',
  title: 'Comercial',
  description: 'En esta secci├│n encontrar├ís todos los documentos relevantes para el ├írea comercial de Cloud Costing. El objetivo es centralizar la informaci├│n clave en un solo lugar, facilitando el acceso a materiales estrat├®gicos, presentaciones y comparativas que apoyan el trabajo con clientes y prospectos.',
  source: '@site/docs/cc/Sales/index.md',
  sourceDirName: 'cc/Sales',
  slug: '/cc/Sales/',
  permalink: '/docs/cc/Sales/',
  draft: false,
  unlisted: false,
  tags: [],
  version: 'current',
  frontMatter: { title: 'Comercial' },
  sidebar: 'ccSidebar',
  previous: { title: 'Demos', permalink: '/docs/cc/presales/demos' },
  next: { title: 'Casos de uso', permalink: '/docs/cc/Sales/casosdeuso' }
}
undefined
AuthProvider mounted
{
  id: 'cc/Sales/casosdeuso',
  title: 'Casos de uso',
  description: '',
  source: '@site/docs/cc/Sales/casosdeuso.md',
  sourceDirName: 'cc/Sales',
  slug: '/cc/Sales/casosdeuso',
  permalink: '/docs/cc/Sales/casosdeuso',
  draft: false,
  unlisted: false,
  tags: [],
  version: 'current',
  sidebarPosition: 2,
  frontMatter: { title: 'Casos de uso', sidebar_position: 2 },
  sidebar: 'ccSidebar',
  previous: { title: 'Comercial', permalink: '/docs/cc/Sales/' },
  next: { title: 'Pricing', permalink: '/docs/cc/Sales/price' }
}
undefined
AuthProvider mounted
{
  id: 'cc/Sales/price',
  title: 'Pricing',
  description: '<BoxDoc',
  source: '@site/docs/cc/Sales/price.md',
  sourceDirName: 'cc/Sales',
  slug: '/cc/Sales/price',
  permalink: '/docs/cc/Sales/price',
  draft: false,
  unlisted: false,
  tags: [],
  version: 'current',
  frontMatter: { title: 'Pricing' },
  sidebar: 'ccSidebar',
  previous: { title: 'Casos de uso', permalink: '/docs/cc/Sales/casosdeuso' },
  next: { title: 'Documentacion', permalink: '/docs/cc/documentacion/' }
}
undefined
AuthProvider mounted
{
  id: 'crestone/documentacion/implementaciones',
  title: 'Implementaciones',
  description: 'El prop├│sito de esta p├ígina  es detallar las medidas necesarias para la correcta implementaci├│n y configuraci├│n del sistema CRESTONE',
  source: '@site/docs/crestone/documentacion/implementaciones.md',
  sourceDirName: 'crestone/documentacion',
  slug: '/crestone/documentacion/implementaciones',
  permalink: '/docs/crestone/documentacion/implementaciones',
  draft: false,
  unlisted: false,
  tags: [],
  version: 'current',
  sidebarPosition: 1,
  frontMatter: { title: 'Implementaciones', sidebar_position: 1 },
  sidebar: 'crestoneSidebar',
  previous: { title: 'Roadmap', permalink: '/docs/crestone/Sales/roadmap' },
  next: {
    title: 'SAP Connectivity',
    permalink: '/docs/crestone/documentacion/sapconnectivity'
  }
}
undefined
AuthProvider mounted
{
  id: 'crestone/documentacion/sapconnectivity',
  title: 'SAP Connectivity',
  description: '<BoxDoc',
  source: '@site/docs/crestone/documentacion/sapconnectivity.md',
  sourceDirName: 'crestone/documentacion',
  slug: '/crestone/documentacion/sapconnectivity',
  permalink: '/docs/crestone/documentacion/sapconnectivity',
  draft: false,
  unlisted: false,
  tags: [],
  version: 'current',
  sidebarPosition: 2,
  frontMatter: {
    title: 'SAP Connectivity',
    sidebar_position: 2,
    iconName: 'SAP',
    useBrand: true
  },
  sidebar: 'crestoneSidebar',
  previous: {
    title: 'Implementaciones',
    permalink: '/docs/crestone/documentacion/implementaciones'
  }
}
SAP
AuthProvider mounted
{
  id: 'crestone/intro',
  title: 'Crestone',
  description: 'Crestone',
  source: '@site/docs/crestone/intro.md',
  sourceDirName: 'crestone',
  slug: '/crestone/intro',
  permalink: '/docs/crestone/intro',
  draft: false,
  unlisted: false,
  tags: [],
  version: 'current',
  sidebarPosition: 1,
  frontMatter: {
    sidebar_label: 'Crestone',
    title: 'Crestone',
    sidebar_position: 1,
    iconName: 'Crestone',
    useBrand: true
  },
  sidebar: 'crestoneSidebar',
  next: {
    title: 'Battle Card',
    permalink: '/docs/crestone/presales/Battle/'
  }
}
Crestone
AuthProvider mounted
{
  id: 'crestone/presales/Battle/index',
  title: 'Crestone vs Xtract Universal',
  description: '<BoxDoc',
  source: '@site/docs/crestone/presales/Battle/index.md',
  sourceDirName: 'crestone/presales/Battle',
  slug: '/crestone/presales/Battle/',
  permalink: '/docs/crestone/presales/Battle/',
  draft: false,
  unlisted: false,
  tags: [],
  version: 'current',
  frontMatter: { title: 'Crestone vs Xtract Universal' },
  sidebar: 'crestoneSidebar',
  previous: { title: 'Crestone', permalink: '/docs/crestone/intro' },
  next: { title: 'Demos', permalink: '/docs/crestone/presales/demos' }
}
undefined
AuthProvider mounted
{
  id: 'crestone/presales/demos',
  title: 'Demos',
  description: 'Crestone Paso a paso',
  source: '@site/docs/crestone/presales/demos.md',
  sourceDirName: 'crestone/presales',
  slug: '/crestone/presales/demos',
  permalink: '/docs/crestone/presales/demos',
  draft: false,
  unlisted: false,
  tags: [],
  version: 'current',
  sidebarPosition: 2,
  frontMatter: { title: 'Demos', sidebar_position: 2 },
  sidebar: 'crestoneSidebar',
  previous: {
    title: 'Battle Card',
    permalink: '/docs/crestone/presales/Battle/'
  },
  next: { title: 'Webinars', permalink: '/docs/crestone/presales/webinars' }
}
undefined
AuthProvider mounted
{
  id: 'crestone/presales/webinars',
  title: 'Webinars',
  description: 'Todos los Webinars',
  source: '@site/docs/crestone/presales/webinars.md',
  sourceDirName: 'crestone/presales',
  slug: '/crestone/presales/webinars',
  permalink: '/docs/crestone/presales/webinars',
  draft: false,
  unlisted: false,
  tags: [],
  version: 'current',
  sidebarPosition: 3,
  frontMatter: {
    title: 'Webinars',
    hide_title: true,
    sidebar_position: 3,
    hide_table_of_contents: true
  },
  sidebar: 'crestoneSidebar',
  previous: { title: 'Demos', permalink: '/docs/crestone/presales/demos' },
  next: { title: 'Commercial', permalink: '/docs/crestone/Sales/' }
}
undefined
AuthProvider mounted
{
  id: 'crestone/Sales/index',
  title: 'Commercial',
  description: 'En esta secci├│n encontrar├ís toda la documentaci├│n relacionada con la gesti├│n comercial de nuestros productos. Aqu├¡ reunimos materiales de apoyo, presentaciones y recursos clave dise├▒ados para facilitar la comunicaci├│n con clientes y prospectos, resaltar el valor de nuestras soluciones y acompa├▒ar el proceso de ventas de manera clara y efectiva.',
  source: '@site/docs/crestone/Sales/index.md',
  sourceDirName: 'crestone/Sales',
  slug: '/crestone/Sales/',
  permalink: '/docs/crestone/Sales/',
  draft: false,
  unlisted: false,
  tags: [],
  version: 'current',
  frontMatter: { title: 'Commercial' },
  sidebar: 'crestoneSidebar',
  previous: { title: 'Webinars', permalink: '/docs/crestone/presales/webinars' },
  next: {
    title: 'Casos de uso',
    permalink: '/docs/crestone/Sales/casosdeuso'
  }
}
undefined
AuthProvider mounted
{
  id: 'crestone/Sales/casosdeuso',
  title: 'Casos de uso',
  description: '',
  source: '@site/docs/crestone/Sales/casosdeuso.md',
  sourceDirName: 'crestone/Sales',
  slug: '/crestone/Sales/casosdeuso',
  permalink: '/docs/crestone/Sales/casosdeuso',
  draft: false,
  unlisted: false,
  tags: [],
  version: 'current',
  sidebarPosition: 1,
  frontMatter: { title: 'Casos de uso', sidebar_position: 1 },
  sidebar: 'crestoneSidebar',
  previous: { title: 'Commercial', permalink: '/docs/crestone/Sales/' },
  next: { title: 'Pricing', permalink: '/docs/crestone/Sales/price' }
}
undefined
AuthProvider mounted
{
  id: 'crestone/Sales/price',
  title: 'Pricing',
  description: 'Los planes de licenciamiento de Crestone se dividen en dos modalidades principales',
  source: '@site/docs/crestone/Sales/price.md',
  sourceDirName: 'crestone/Sales',
  slug: '/crestone/Sales/price',
  permalink: '/docs/crestone/Sales/price',
  draft: false,
  unlisted: false,
  tags: [],
  version: 'current',
  sidebarPosition: 2,
  frontMatter: {
    hide_table_of_contents: true,
    title: 'Pricing',
    sidebar_position: 2
  },
  sidebar: 'crestoneSidebar',
  previous: {
    title: 'Casos de uso',
    permalink: '/docs/crestone/Sales/casosdeuso'
  },
  next: { title: 'Roadmap', permalink: '/docs/crestone/Sales/roadmap' }
}
undefined
AuthProvider mounted
{
  id: 'crestone/Sales/roadmap',
  title: 'Roadmap',
  description: 'Nos complace compartir con ustedes nuestro emocionante roadmap de producto para el pr├│ximo a├▒o. Este plan estrat├®gico describe nuestras prioridades clave, las funcionalidades que entregaremos y las integraciones que nos permitir├ín fortalecer nuestra plataforma y alcanzar nuevos hitos.',
  source: '@site/docs/crestone/Sales/roadmap.md',
  sourceDirName: 'crestone/Sales',
  slug: '/crestone/Sales/roadmap',
  permalink: '/docs/crestone/Sales/roadmap',
  draft: false,
  unlisted: false,
  tags: [],
  version: 'current',
  sidebarPosition: 3,
  frontMatter: {
    hide_table_of_contents: true,
    title: 'Roadmap',
    sidebar_position: 3
  },
  sidebar: 'crestoneSidebar',
  previous: { title: 'Pricing', permalink: '/docs/crestone/Sales/price' },
  next: {
    title: 'Implementaciones',
    permalink: '/docs/crestone/documentacion/implementaciones'
  }
}
undefined
AuthProvider mounted
{
  id: 'crestone/Sales/Timeline',
  title: 'Timeline',
  description: 'Roadmap de Crestone Sales',
  source: '@site/docs/crestone/Sales/Timeline.md',
  sourceDirName: 'crestone/Sales',
  slug: '/crestone/Sales/Timeline',
  permalink: '/docs/crestone/Sales/Timeline',
  draft: false,
  unlisted: true,
  tags: [],
  version: 'current',
  sidebarPosition: 5,
  frontMatter: {
    title: 'Timeline',
    description: 'Roadmap de Crestone Sales',
    unlisted: true,
    sidebar_position: 5
  },
  sidebar: 'crestoneSidebar'
}
undefined
AuthProvider mounted
{
  id: 'daiana/documentacion/branding',
  title: 'Implementaci├│n de Branding Din├ímico',
  description: 'El branding din├ímico permite personalizar elementos clave de la interfaz de la aplicaci├│n para diferentes "tenants" (clientes o grupos) de manera din├ímica. En este caso, el branding se configura usando la tabla tenants de la base de datos, donde tenant con id 1 puede tener su propio logo, nombre de aplicaci├│n, favicon, enlace, y otros valores personalizados.',
  source: '@site/docs/daiana/documentacion/branding.md',
  sourceDirName: 'daiana/documentacion',
  slug: '/daiana/documentacion/branding',
  permalink: '/docs/daiana/documentacion/branding',
  draft: false,
  unlisted: false,
  tags: [],
  version: 'current',
  sidebarPosition: 5,
  frontMatter: {
    title: 'Implementaci├│n de Branding Din├ímico',
    sidebar_label: 'Branding Din├ímico',
    sidebar_position: 5
  },
  sidebar: 'daianaSidebar',
  previous: {
    title: 'Agregar un agente en Teams',
    permalink: '/docs/daiana/documentacion/guias'
  }
}
undefined
AuthProvider mounted
{
  id: 'daiana/documentacion/guias',
  title: 'Agregar un agente en Teams',
  description: 'Para agregar un agente a tu listado de conversaciones tendr├ís que seguir los siguientes pasos, adem├ís de estar autorizado',
  source: '@site/docs/daiana/documentacion/guias.md',
  sourceDirName: 'daiana/documentacion',
  slug: '/daiana/documentacion/guias',
  permalink: '/docs/daiana/documentacion/guias',
  draft: false,
  unlisted: false,
  tags: [],
  version: 'current',
  sidebarPosition: 4,
  frontMatter: {
    iconName: 'Teams',
    useBrand: true,
    title: 'Agregar un agente en Teams',
    sidebar_position: 4,
    pdfDoc: 'https://seidoranalytics-my.sharepoint.com/:b:/g/personal/admin_seidoranalytics_onmicrosoft_com/EWQUSvsFqJdEpQ9oBRbyln8BWvFBg7ujOWhHHfnqDq4Nlg?e=NcEYBX'
  },
  sidebar: 'daianaSidebar',
  previous: {
    title: 'Requerimientos t├®cnicos',
    permalink: '/docs/daiana/documentacion/requerimientos.'
  },
  next: {
    title: 'Branding Din├ímico',
    permalink: '/docs/daiana/documentacion/branding'
  }
}
Teams
AuthProvider mounted
{
  id: 'daiana/documentacion/instalacion',
  title: 'Instalacion',
  description: '1. Ingresar a EC2 y luego click en Launch instance from template.',
  source: '@site/docs/daiana/documentacion/instalacion.md',
  sourceDirName: 'daiana/documentacion',
  slug: '/daiana/documentacion/instalacion',
  permalink: '/docs/daiana/documentacion/instalacion',
  draft: false,
  unlisted: false,
  tags: [],
  version: 'current',
  sidebarPosition: 2,
  frontMatter: {
    title: 'Instalacion',
    sidebar_position: 2,
    hide_table_of_contents: true
  },
  sidebar: 'daianaSidebar',
  previous: { title: 'Roadmap', permalink: '/docs/daiana/Sales/roadmap' },
  next: {
    title: 'Requerimientos t├®cnicos',
    permalink: '/docs/daiana/documentacion/requerimientos.'
  }
}
undefined
AuthProvider mounted
{
  id: 'daiana/documentacion/requerimientos.',
  title: 'Requerimientos t├®cnicos',
  description: 'Asegurar una correcta implementaci├│n para su normal funcionamiento es esencial, especialmente por el trabajo realizado en cada proceso lleva adelante la inteligencia artificial. A continuaci├│n, te enumeramos los requerimientos m├¡nimos necesarios para la etapa de implementaci├│n:',
  source: '@site/docs/daiana/documentacion/requerimientos..md',
  sourceDirName: 'daiana/documentacion',
  slug: '/daiana/documentacion/requerimientos.',
  permalink: '/docs/daiana/documentacion/requerimientos.',
  draft: false,
  unlisted: false,
  tags: [],
  version: 'current',
  sidebarPosition: 3,
  frontMatter: { title: 'Requerimientos t├®cnicos', sidebar_position: 3 },
  sidebar: 'daianaSidebar',
  previous: {
    title: 'Instalacion',
    permalink: '/docs/daiana/documentacion/instalacion'
  },
  next: {
    title: 'Agregar un agente en Teams',
    permalink: '/docs/daiana/documentacion/guias'
  }
}
undefined
AuthProvider mounted
{
  id: 'daiana/intro',
  title: 'Daiana',
  description: 'Su Agente Virtual Impulsado por AI',
  source: '@site/docs/daiana/intro.md',
  sourceDirName: 'daiana',
  slug: '/daiana/intro',
  permalink: '/docs/daiana/intro',
  draft: false,
  unlisted: false,
  tags: [],
  version: 'current',
  sidebarPosition: 1,
  frontMatter: {
    sidebar_label: 'Daiana',
    title: 'Daiana',
    sidebar_position: 1,
    iconName: 'Daiana',
    useBrand: true
  },
  sidebar: 'daianaSidebar',
  next: { title: 'Battle Cards', permalink: '/docs/daiana/presales/Battle/' }
}
Daiana
AuthProvider mounted
{
  id: 'daiana/presales/Battle/index',
  title: 'Battle Cards',
  description: 'Las Battle Cards de Daiana son documentos estrat├®gicos dise├▒ados para comparar nuestras soluciones con otras alternativas del mercado. Su objetivo es brindar a los equipos de trabajo argumentos claros, diferenciadores y f├íciles de comunicar al momento de evaluar o presentar Daiana frente a la competencia.',
  source: '@site/docs/daiana/presales/Battle/index.md',
  sourceDirName: 'daiana/presales/Battle',
  slug: '/daiana/presales/Battle/',
  permalink: '/docs/daiana/presales/Battle/',
  draft: false,
  unlisted: false,
  tags: [],
  version: 'current',
  frontMatter: { title: 'Battle Cards' },
  sidebar: 'daianaSidebar',
  previous: { title: 'Daiana', permalink: '/docs/daiana/intro' },
  next: {
    title: 'Daiana vs Copilot Studio',
    permalink: '/docs/daiana/presales/Battle/copilot'
  }
}
undefined
AuthProvider mounted
{
  id: 'daiana/presales/Battle/azure',
  title: 'Daiana vs Azure Bot Service',
  description: 'Funcionalidades Principales',
  source: '@site/docs/daiana/presales/Battle/azure.md',
  sourceDirName: 'daiana/presales/Battle',
  slug: '/daiana/presales/Battle/azure',
  permalink: '/docs/daiana/presales/Battle/azure',
  draft: false,
  unlisted: false,
  tags: [],
  version: 'current',
  sidebarPosition: 4,
  frontMatter: { title: 'Daiana vs Azure Bot Service', sidebar_position: 4 },
  sidebar: 'daianaSidebar',
  previous: {
    title: 'Daiana vs IBM Watson Assistant',
    permalink: '/docs/daiana/presales/Battle/ibm'
  },
  next: { title: 'Demos', permalink: '/docs/daiana/presales/demos' }
}
undefined
AuthProvider mounted
{
  id: 'daiana/presales/Battle/copilot',
  title: 'Daiana vs Copilot Studio',
  description: 'Funcionalidades Principales',
  source: '@site/docs/daiana/presales/Battle/copilot.md',
  sourceDirName: 'daiana/presales/Battle',
  slug: '/daiana/presales/Battle/copilot',
  permalink: '/docs/daiana/presales/Battle/copilot',
  draft: false,
  unlisted: false,
  tags: [],
  version: 'current',
  sidebarPosition: 2,
  frontMatter: { title: 'Daiana vs Copilot Studio', sidebar_position: 2 },
  sidebar: 'daianaSidebar',
  previous: { title: 'Battle Cards', permalink: '/docs/daiana/presales/Battle/' },
  next: {
    title: 'Daiana vs Dialogflow (Google Cloud)',
    permalink: '/docs/daiana/presales/Battle/dialogflow'
  }
}
undefined
AuthProvider mounted
{
  id: 'daiana/presales/Battle/dialogflow',
  title: 'Daiana vs Dialogflow (Google Cloud)',
  description: 'Funcionalidades Principales',
  source: '@site/docs/daiana/presales/Battle/dialogflow.md',
  sourceDirName: 'daiana/presales/Battle',
  slug: '/daiana/presales/Battle/dialogflow',
  permalink: '/docs/daiana/presales/Battle/dialogflow',
  draft: false,
  unlisted: false,
  tags: [],
  version: 'current',
  sidebarPosition: 2,
  frontMatter: { title: 'Daiana vs Dialogflow (Google Cloud)', sidebar_position: 2 },
  sidebar: 'daianaSidebar',
  previous: {
    title: 'Daiana vs Copilot Studio',
    permalink: '/docs/daiana/presales/Battle/copilot'
  },
  next: {
    title: 'Daiana vs IBM Watson Assistant',
    permalink: '/docs/daiana/presales/Battle/ibm'
  }
}
undefined
AuthProvider mounted
{
  id: 'daiana/presales/Battle/ibm',
  title: 'Daiana vs IBM Watson Assistant',
  description: 'Funcionalidades Principales',
  source: '@site/docs/daiana/presales/Battle/ibm.md',
  sourceDirName: 'daiana/presales/Battle',
  slug: '/daiana/presales/Battle/ibm',
  permalink: '/docs/daiana/presales/Battle/ibm',
  draft: false,
  unlisted: false,
  tags: [],
  version: 'current',
  sidebarPosition: 3,
  frontMatter: { title: 'Daiana vs IBM Watson Assistant', sidebar_position: 3 },
  sidebar: 'daianaSidebar',
  previous: {
    title: 'Daiana vs Dialogflow (Google Cloud)',
    permalink: '/docs/daiana/presales/Battle/dialogflow'
  },
  next: {
    title: 'Daiana vs Azure Bot Service',
    permalink: '/docs/daiana/presales/Battle/azure'
  }
}
undefined
AuthProvider mounted
{
  id: 'daiana/presales/demos',
  title: 'Demos',
  description: 'En esta secci├│n encontrar├ís una colecci├│n de demos en video que muestran las capacidades de Daiana aplicada a entornos comerciales.',
  source: '@site/docs/daiana/presales/demos.md',
  sourceDirName: 'daiana/presales',
  slug: '/daiana/presales/demos',
  permalink: '/docs/daiana/presales/demos',
  draft: false,
  unlisted: false,
  tags: [],
  version: 'current',
  sidebarPosition: 2,
  frontMatter: { title: 'Demos', sidebar_position: 2 },
  sidebar: 'daianaSidebar',
  previous: {
    title: 'Daiana vs Azure Bot Service',
    permalink: '/docs/daiana/presales/Battle/azure'
  },
  next: { title: 'Webinars', permalink: '/docs/daiana/presales/webinars' }
}
undefined
AuthProvider mounted
{
  id: 'daiana/presales/internal',
  title: 'Uso interno',
  description: 'Estas comparaciones est├ín pensadas como un recurso interno para el equipo. Su objetivo es brindar argumentos claros y diferenciadores de Daiana frente a otras soluciones, de manera r├ípida y organizada. No est├ín dise├▒adas para uso comercial directo con clientes, sino como material de apoyo para capacitaciones, presentaciones y conversaciones estrat├®gicas.',
  source: '@site/docs/daiana/presales/internal.md',
  sourceDirName: 'daiana/presales',
  slug: '/daiana/presales/internal',
  permalink: '/docs/daiana/presales/internal',
  draft: false,
  unlisted: false,
  tags: [],
  version: 'current',
  sidebarPosition: 4,
  frontMatter: { title: 'Uso interno', sidebar_position: 4 },
  sidebar: 'daianaSidebar',
  previous: { title: 'Webinars', permalink: '/docs/daiana/presales/webinars' },
  next: { title: 'Sales', permalink: '/docs/daiana/Sales/' }
}
undefined
AuthProvider mounted
{
  id: 'daiana/presales/webinars',
  title: 'Webinars',
  description: 'Todos los Webinars',
  source: '@site/docs/daiana/presales/webinars.md',
  sourceDirName: 'daiana/presales',
  slug: '/daiana/presales/webinars',
  permalink: '/docs/daiana/presales/webinars',
  draft: false,
  unlisted: false,
  tags: [],
  version: 'current',
  sidebarPosition: 3,
  frontMatter: {
    title: 'Webinars',
    hide_title: true,
    sidebar_position: 3,
    hide_table_of_contents: true
  },
  sidebar: 'daianaSidebar',
  previous: { title: 'Demos', permalink: '/docs/daiana/presales/demos' },
  next: { title: 'Uso interno', permalink: '/docs/daiana/presales/internal' }
}
undefined
AuthProvider mounted
{
  id: 'daiana/Sales/index',
  title: 'Sales',
  description: 'En esta secci├│n encontrar├ís todos los documentos relevantes para el ├írea comercial de Daiana. El objetivo es centralizar la informaci├│n clave en un solo lugar, facilitando el acceso a materiales estrat├®gicos, presentaciones y comparativas que apoyan el trabajo con clientes y prospectos.',
  source: '@site/docs/daiana/Sales/index.md',
  sourceDirName: 'daiana/Sales',
  slug: '/daiana/Sales/',
  permalink: '/docs/daiana/Sales/',
  draft: false,
  unlisted: false,
  tags: [],
  version: 'current',
  frontMatter: { title: 'Sales' },
  sidebar: 'daianaSidebar',
  previous: { title: 'Uso interno', permalink: '/docs/daiana/presales/internal' },
  next: { title: 'Casos de uso', permalink: '/docs/daiana/Sales/casosdeuso' }
}
undefined
AuthProvider mounted
{
  id: 'daiana/Sales/casosdeuso',
  title: 'Casos de uso',
  description: 'Los casos de uso de Daiana muestran c├│mo la plataforma se adapta a distintos entornos de trabajo y necesidades empresariales. A trav├®s de integraciones y ejemplos pr├ícticos, se busca ilustrar el valor real que Daiana aporta en la automatizaci├│n de procesos, la optimizaci├│n de flujos de informaci├│n y la mejora de la productividad.',
  source: '@site/docs/daiana/Sales/casosdeuso.md',
  sourceDirName: 'daiana/Sales',
  slug: '/daiana/Sales/casosdeuso',
  permalink: '/docs/daiana/Sales/casosdeuso',
  draft: false,
  unlisted: false,
  tags: [],
  version: 'current',
  sidebarPosition: 2,
  frontMatter: { title: 'Casos de uso', sidebar_position: 2 },
  sidebar: 'daianaSidebar',
  previous: { title: 'Sales', permalink: '/docs/daiana/Sales/' },
  next: { title: 'Pricing', permalink: '/docs/daiana/Sales/price' }
}
undefined
AuthProvider mounted
{
  id: 'daiana/Sales/price',
  title: 'Pricing',
  description: 'En esta p├ígina encontrar├ís el detalle de los planes de licenciamiento de Daiana, organizados en dos modalidades principales: Enterprise y Studio. Cada plan est├í dise├▒ado para responder a diferentes necesidades de las organizaciones, desde implementaciones b├ísicas hasta entornos avanzados con integraci├│n de m├║ltiples modelos de lenguaje y conectividad extendida.',
  source: '@site/docs/daiana/Sales/price.md',
  sourceDirName: 'daiana/Sales',
  slug: '/daiana/Sales/price',
  permalink: '/docs/daiana/Sales/price',
  draft: false,
  unlisted: false,
  tags: [],
  version: 'current',
  sidebarPosition: 3,
  frontMatter: {
    hide_table_of_contents: true,
    title: 'Pricing',
    sidebar_position: 3
  },
  sidebar: 'daianaSidebar',
  previous: { title: 'Casos de uso', permalink: '/docs/daiana/Sales/casosdeuso' },
  next: { title: 'Roadmap', permalink: '/docs/daiana/Sales/roadmap' }
}
undefined
AuthProvider mounted
{
  id: 'daiana/Sales/roadmap',
  title: 'Roadmap',
  description: 'Les compartimos el Roadmap de DAIANA, que marca el rumbo de lo que se viene.',
  source: '@site/docs/daiana/Sales/roadmap.md',
  sourceDirName: 'daiana/Sales',
  slug: '/daiana/Sales/roadmap',
  permalink: '/docs/daiana/Sales/roadmap',
  draft: false,
  unlisted: false,
  tags: [],
  version: 'current',
  sidebarPosition: 4,
  frontMatter: {
    hide_table_of_contents: true,
    title: 'Roadmap',
    sidebar_position: 4
  },
  sidebar: 'daianaSidebar',
  previous: { title: 'Pricing', permalink: '/docs/daiana/Sales/price' },
  next: {
    title: 'Instalacion',
    permalink: '/docs/daiana/documentacion/instalacion'
  }
}
undefined
AuthProvider mounted
{
  id: 'doxa/documentacion/index',
  title: 'Documentacion',
  description: '',
  source: '@site/docs/doxa/documentacion/index.md',
  sourceDirName: 'doxa/documentacion',
  slug: '/doxa/documentacion/',
  permalink: '/docs/doxa/documentacion/',
  draft: false,
  unlisted: false,
  tags: [],
  version: 'current',
  frontMatter: { title: 'Documentacion' },
  sidebar: 'doxaSidebar',
  previous: { title: 'Pricing', permalink: '/docs/doxa/Sales/price' }
}
undefined
AuthProvider mounted
{
  id: 'doxa/intro',
  title: 'Doxa',
  description: 'DOXA by Seidor Analytics es una soluci├│n que permite a las empresas y particulares crear, distribuir y analizar encuestas y cuestionarios de manera sencilla, r├ípida y eficiente. ÔÇï',
  source: '@site/docs/doxa/intro.md',
  sourceDirName: 'doxa',
  slug: '/doxa/intro',
  permalink: '/docs/doxa/intro',
  draft: false,
  unlisted: false,
  tags: [],
  version: 'current',
  sidebarPosition: 1,
  frontMatter: {
    sidebar_label: 'Doxa',
    title: 'Doxa',
    sidebar_position: 1,
    iconName: 'Doxa',
    useBrand: true
  },
  sidebar: 'doxaSidebar',
  next: { title: 'Battle Card', permalink: '/docs/doxa/presales/Battle/' }
}
Doxa
AuthProvider mounted
{
  id: 'doxa/presales/Battle/index',
  title: 'Battle Card',
  description: '<BoxDoc',
  source: '@site/docs/doxa/presales/Battle/index.md',
  sourceDirName: 'doxa/presales/Battle',
  slug: '/doxa/presales/Battle/',
  permalink: '/docs/doxa/presales/Battle/',
  draft: false,
  unlisted: false,
  tags: [],
  version: 'current',
  frontMatter: { title: 'Battle Card' },
  sidebar: 'doxaSidebar',
  previous: { title: 'Doxa', permalink: '/docs/doxa/intro' },
  next: { title: 'Demos', permalink: '/docs/doxa/presales/demos' }
}
undefined
AuthProvider mounted
{
  id: 'doxa/presales/demos',
  title: 'Demos',
  description: '',
  source: '@site/docs/doxa/presales/demos.md',
  sourceDirName: 'doxa/presales',
  slug: '/doxa/presales/demos',
  permalink: '/docs/doxa/presales/demos',
  draft: false,
  unlisted: false,
  tags: [],
  version: 'current',
  sidebarPosition: 2,
  frontMatter: { title: 'Demos', sidebar_position: 2 },
  sidebar: 'doxaSidebar',
  previous: { title: 'Battle Card', permalink: '/docs/doxa/presales/Battle/' },
  next: { title: 'Casos de uso', permalink: '/docs/doxa/Sales/casosdeuso' }
}
undefined
AuthProvider mounted
{
  id: 'doxa/Sales/casosdeuso',
  title: 'Casos de uso',
  description: '',
  source: '@site/docs/doxa/Sales/casosdeuso.md',
  sourceDirName: 'doxa/Sales',
  slug: '/doxa/Sales/casosdeuso',
  permalink: '/docs/doxa/Sales/casosdeuso',
  draft: false,
  unlisted: false,
  tags: [],
  version: 'current',
  sidebarPosition: 2,
  frontMatter: { title: 'Casos de uso', sidebar_position: 2 },
  sidebar: 'doxaSidebar',
  previous: { title: 'Demos', permalink: '/docs/doxa/presales/demos' },
  next: { title: 'Pricing', permalink: '/docs/doxa/Sales/price' }
}
undefined
AuthProvider mounted
{
  id: 'doxa/Sales/price',
  title: 'Pricing',
  description: 'Planes DOXA',
  source: '@site/docs/doxa/Sales/price.md',
  sourceDirName: 'doxa/Sales',
  slug: '/doxa/Sales/price',
  permalink: '/docs/doxa/Sales/price',
  draft: false,
  unlisted: false,
  tags: [],
  version: 'current',
  frontMatter: { title: 'Pricing' },
  sidebar: 'doxaSidebar',
  previous: { title: 'Casos de uso', permalink: '/docs/doxa/Sales/casosdeuso' },
  next: { title: 'Documentacion', permalink: '/docs/doxa/documentacion/' }
}
undefined
AuthProvider mounted
{
  id: 'feelings/documentacion/index',
  title: 'Documentacion',
  description: '',
  source: '@site/docs/feelings/documentacion/index.md',
  sourceDirName: 'feelings/documentacion',
  slug: '/feelings/documentacion/',
  permalink: '/docs/feelings/documentacion/',
  draft: false,
  unlisted: false,
  tags: [],
  version: 'current',
  frontMatter: { title: 'Documentacion' },
  sidebar: 'feelingsSidebar',
  previous: { title: 'Pricing', permalink: '/docs/feelings/Sales/price' }
}
undefined
AuthProvider mounted
{
  id: 'feelings/intro',
  title: 'Feelings',
  description: 'Material Comercial',
  source: '@site/docs/feelings/intro.md',
  sourceDirName: 'feelings',
  slug: '/feelings/intro',
  permalink: '/docs/feelings/intro',
  draft: false,
  unlisted: false,
  tags: [],
  version: 'current',
  sidebarPosition: 1,
  frontMatter: {
    sidebar_label: 'Feelings',
    title: 'Feelings',
    sidebar_position: 1,
    iconName: 'Feelings',
    useBrand: true
  },
  sidebar: 'feelingsSidebar',
  next: {
    title: 'Battle Card',
    permalink: '/docs/feelings/presales/Battle/'
  }
}
Feelings
AuthProvider mounted
{
  id: 'feelings/presales/Battle/index',
  title: 'Battle Card',
  description: '',
  source: '@site/docs/feelings/presales/Battle/index.md',
  sourceDirName: 'feelings/presales/Battle',
  slug: '/feelings/presales/Battle/',
  permalink: '/docs/feelings/presales/Battle/',
  draft: false,
  unlisted: false,
  tags: [],
  version: 'current',
  frontMatter: { title: 'Battle Card' },
  sidebar: 'feelingsSidebar',
  previous: { title: 'Feelings', permalink: '/docs/feelings/intro' },
  next: { title: 'Demos', permalink: '/docs/feelings/presales/demos' }
}
undefined
AuthProvider mounted
{
  id: 'feelings/presales/demos',
  title: 'Demos',
  description: '',
  source: '@site/docs/feelings/presales/demos.md',
  sourceDirName: 'feelings/presales',
  slug: '/feelings/presales/demos',
  permalink: '/docs/feelings/presales/demos',
  draft: false,
  unlisted: false,
  tags: [],
  version: 'current',
  sidebarPosition: 2,
  frontMatter: { title: 'Demos', sidebar_position: 2 },
  sidebar: 'feelingsSidebar',
  previous: {
    title: 'Battle Card',
    permalink: '/docs/feelings/presales/Battle/'
  },
  next: { title: 'Comercial', permalink: '/docs/category/comercial' }
}
undefined
AuthProvider mounted
{
  id: 'feelings/Sales/casosdeuso',
  title: 'Casos de uso',
  description: 'Casos de uso.',
  source: '@site/docs/feelings/Sales/casosdeuso.md',
  sourceDirName: 'feelings/Sales',
  slug: '/feelings/Sales/casosdeuso',
  permalink: '/docs/feelings/Sales/casosdeuso',
  draft: false,
  unlisted: false,
  tags: [],
  version: 'current',
  sidebarPosition: 2,
  frontMatter: {
    title: 'Casos de uso',
    sidebar_position: 2,
    description: 'Casos de uso.'
  },
  sidebar: 'feelingsSidebar',
  previous: { title: 'Comercial', permalink: '/docs/category/comercial' },
  next: { title: 'Pricing', permalink: '/docs/feelings/Sales/price' }
}
undefined
AuthProvider mounted
{
  id: 'feelings/Sales/price',
  title: 'Pricing',
  description: 'Este documento re├║ne el contenido de la presentaci├│n Feelings Pricing.',
  source: '@site/docs/feelings/Sales/price.md',
  sourceDirName: 'feelings/Sales',
  slug: '/feelings/Sales/price',
  permalink: '/docs/feelings/Sales/price',
  draft: false,
  unlisted: false,
  tags: [],
  version: 'current',
  frontMatter: {
    title: 'Pricing',
    description: 'Este documento re├║ne el contenido de la presentaci├│n Feelings Pricing.'
  },
  sidebar: 'feelingsSidebar',
  previous: {
    title: 'Casos de uso',
    permalink: '/docs/feelings/Sales/casosdeuso'
  },
  next: {
    title: 'Documentacion',
    permalink: '/docs/feelings/documentacion/'
  }
}
undefined
AuthProvider mounted
{
  id: 'harbinger/documentacion/index',
  title: 'Documentacion',
  description: 'La documentaci├│n de Harbinger ha sido dise├▒ada para guiar a nuevos usuarios en todo el proceso de incorporaci├│n al producto, desde el onboarding inicial mediante un formulario sencillo hasta la consulta de la documentaci├│n t├®cnica completa. Aqu├¡ encontrar├ís la informaci├│n necesaria para configurar, comprender y sacar el m├íximo provecho de las funcionalidades de Harbinger.',
  source: '@site/docs/harbinger/documentacion/index.md',
  sourceDirName: 'harbinger/documentacion',
  slug: '/harbinger/documentacion/',
  permalink: '/docs/harbinger/documentacion/',
  draft: false,
  unlisted: false,
  tags: [],
  version: 'current',
  sidebarPosition: 2,
  frontMatter: { title: 'Documentacion', sidebar_position: 2 },
  sidebar: 'harbingerSidebar',
  previous: { title: 'Pricing', permalink: '/docs/harbinger/Sales/price' }
}
undefined
AuthProvider mounted
{
  id: 'harbinger/intro',
  title: 'Harbinger',
  description: 'Automatiza mensajes personalizados por whatsapp. Env├¡a mensajes masivos por whatsapp y SMS.',
  source: '@site/docs/harbinger/intro.md',
  sourceDirName: 'harbinger',
  slug: '/harbinger/intro',
  permalink: '/docs/harbinger/intro',
  draft: false,
  unlisted: false,
  tags: [],
  version: 'current',
  sidebarPosition: 1,
  frontMatter: {
    title: 'Harbinger',
    sidebar_position: 1,
    iconName: 'Harbinger',
    useBrand: true
  },
  sidebar: 'harbingerSidebar',
  next: {
    title: 'Battle Card',
    permalink: '/docs/harbinger/presales/Battle/'
  }
}
Harbinger
AuthProvider mounted
{
  id: 'harbinger/presales/Battle/index',
  title: 'Battle Card',
  description: '',
  source: '@site/docs/harbinger/presales/Battle/index.md',
  sourceDirName: 'harbinger/presales/Battle',
  slug: '/harbinger/presales/Battle/',
  permalink: '/docs/harbinger/presales/Battle/',
  draft: false,
  unlisted: false,
  tags: [],
  version: 'current',
  frontMatter: { title: 'Battle Card' },
  sidebar: 'harbingerSidebar',
  previous: { title: 'Harbinger', permalink: '/docs/harbinger/intro' },
  next: { title: 'Demos', permalink: '/docs/harbinger/presales/demos' }
}
undefined
AuthProvider mounted
{
  id: 'harbinger/presales/demos',
  title: 'Demos',
  description: '<Webinar',
  source: '@site/docs/harbinger/presales/demos.md',
  sourceDirName: 'harbinger/presales',
  slug: '/harbinger/presales/demos',
  permalink: '/docs/harbinger/presales/demos',
  draft: false,
  unlisted: false,
  tags: [],
  version: 'current',
  sidebarPosition: 2,
  frontMatter: { title: 'Demos', sidebar_position: 2 },
  sidebar: 'harbingerSidebar',
  previous: {
    title: 'Battle Card',
    permalink: '/docs/harbinger/presales/Battle/'
  },
  next: { title: 'Webinars', permalink: '/docs/harbinger/presales/webinars' }
}
undefined
AuthProvider mounted
{
  id: 'harbinger/presales/webinars',
  title: 'Webinars',
  description: 'Todos los Webinars',
  source: '@site/docs/harbinger/presales/webinars.md',
  sourceDirName: 'harbinger/presales',
  slug: '/harbinger/presales/webinars',
  permalink: '/docs/harbinger/presales/webinars',
  draft: false,
  unlisted: false,
  tags: [],
  version: 'current',
  sidebarPosition: 3,
  frontMatter: {
    title: 'Webinars',
    hide_title: true,
    sidebar_position: 3,
    hide_table_of_contents: true
  },
  sidebar: 'harbingerSidebar',
  previous: { title: 'Demos', permalink: '/docs/harbinger/presales/demos' },
  next: { title: 'Commercial', permalink: '/docs/harbinger/Sales/' }
}
undefined
AuthProvider mounted
{
  id: 'harbinger/Sales/index',
  title: 'Commercial',
  description: 'En esta secci├│n encontrar├ís toda la documentaci├│n relacionada con la gesti├│n comercial de nuestros productos. Aqu├¡ reunimos materiales de apoyo, presentaciones y recursos clave dise├▒ados para facilitar la comunicaci├│n con clientes y prospectos, resaltar el valor de nuestras soluciones y acompa├▒ar el proceso de ventas de manera clara y efectiva.',
  source: '@site/docs/harbinger/Sales/index.md',
  sourceDirName: 'harbinger/Sales',
  slug: '/harbinger/Sales/',
  permalink: '/docs/harbinger/Sales/',
  draft: false,
  unlisted: false,
  tags: [],
  version: 'current',
  sidebarPosition: 2,
  frontMatter: { title: 'Commercial', sidebar_position: 2 },
  sidebar: 'harbingerSidebar',
  previous: { title: 'Webinars', permalink: '/docs/harbinger/presales/webinars' },
  next: { title: 'Pricing', permalink: '/docs/harbinger/Sales/price' }
}
undefined
AuthProvider mounted
{
  id: 'harbinger/Sales/price',
  title: 'Pricing',
  description: '<BoxDoc',
  source: '@site/docs/harbinger/Sales/price.md',
  sourceDirName: 'harbinger/Sales',
  slug: '/harbinger/Sales/price',
  permalink: '/docs/harbinger/Sales/price',
  draft: false,
  unlisted: false,
  tags: [],
  version: 'current',
  frontMatter: { title: 'Pricing', hide_table_of_contents: true },
  sidebar: 'harbingerSidebar',
  previous: { title: 'Commercial', permalink: '/docs/harbinger/Sales/' },
  next: {
    title: 'Documentacion',
    permalink: '/docs/harbinger/documentacion/'
  }
}
undefined
AuthProvider mounted
{
  id: 'intro',
  title: 'Tutorial Intro',
  description: "Let's discover Docusaurus in less than 5 minutes.",
  source: '@site/docs/intro.md',
  sourceDirName: '.',
  slug: '/intro',
  permalink: '/docs/intro',
  draft: false,
  unlisted: false,
  tags: [],
  version: 'current',
  sidebarPosition: 1,
  frontMatter: { sidebar_position: 1 }
}
undefined
AuthProvider mounted
{
  id: 'planning/intro',
  title: 'SAC Planning',
  description: 'Material Comercial',
  source: '@site/docs/planning/intro.md',
  sourceDirName: 'planning',
  slug: '/planning/intro',
  permalink: '/docs/planning/intro',
  draft: false,
  unlisted: false,
  tags: [],
  version: 'current',
  sidebarPosition: 1,
  frontMatter: {
    sidebar_label: 'SAC Planning',
    title: 'SAC Planning',
    sidebar_position: 1,
    iconName: 'SAP',
    useBrand: true,
    pdfDoc: 'https://seidoranalytics-my.sharepoint.com/:b:/g/personal/admin_seidoranalytics_onmicrosoft_com/EeycI3gso3lPlU8ymBy2v-IBN0kKMbCEW2IZ3jHGM0YmBw?e=YZo26h'
  }
}
SAP
AuthProvider mounted
{
  id: 's4hanaanalytics/intro',
  title: 'SAP S4HANA analyticsÔÇï',
  description: 'Material Comercial',
  source: '@site/docs/s4hanaanalytics/intro.md',
  sourceDirName: 's4hanaanalytics',
  slug: '/s4hanaanalytics/intro',
  permalink: '/docs/s4hanaanalytics/intro',
  draft: false,
  unlisted: false,
  tags: [],
  version: 'current',
  sidebarPosition: 1,
  frontMatter: {
    sidebar_label: 'SAP S4HANA analyticsÔÇï',
    title: 'SAP S4HANA analyticsÔÇï',
    sidebar_position: 1,
    iconName: 'SAP',
    useBrand: true
  },
  sidebar: 's4hanaanalytics',
  next: {
    title: 'Battle Card',
    permalink: '/docs/s4hanaanalytics/presales/Battle/'
  }
}
SAP
AuthProvider mounted
{
  id: 's4hanaanalytics/presales/Battle/index',
  title: 'Battle Card',
  description: '',
  source: '@site/docs/s4hanaanalytics/presales/Battle/index.md',
  sourceDirName: 's4hanaanalytics/presales/Battle',
  slug: '/s4hanaanalytics/presales/Battle/',
  permalink: '/docs/s4hanaanalytics/presales/Battle/',
  draft: false,
  unlisted: false,
  tags: [],
  version: 'current',
  frontMatter: { title: 'Battle Card' },
  sidebar: 's4hanaanalytics',
  previous: {
    title: 'SAP S4HANA analyticsÔÇï',
    permalink: '/docs/s4hanaanalytics/intro'
  },
  next: { title: 'Demos', permalink: '/docs/s4hanaanalytics/presales/demos' }
}
undefined
AuthProvider mounted
{
  id: 's4hanaanalytics/presales/demos',
  title: 'Demos',
  description: '',
  source: '@site/docs/s4hanaanalytics/presales/demos.md',
  sourceDirName: 's4hanaanalytics/presales',
  slug: '/s4hanaanalytics/presales/demos',
  permalink: '/docs/s4hanaanalytics/presales/demos',
  draft: false,
  unlisted: false,
  tags: [],
  version: 'current',
  sidebarPosition: 2,
  frontMatter: { title: 'Demos', sidebar_position: 2 },
  sidebar: 's4hanaanalytics',
  previous: {
    title: 'Battle Card',
    permalink: '/docs/s4hanaanalytics/presales/Battle/'
  },
  next: {
    title: 'Casos de uso',
    permalink: '/docs/s4hanaanalytics/Sales/casosdeuso'
  }
}
undefined
AuthProvider mounted
{
  id: 's4hanaanalytics/Sales/casosdeuso',
  title: 'Casos de uso',
  description: '',
  source: '@site/docs/s4hanaanalytics/Sales/casosdeuso.md',
  sourceDirName: 's4hanaanalytics/Sales',
  slug: '/s4hanaanalytics/Sales/casosdeuso',
  permalink: '/docs/s4hanaanalytics/Sales/casosdeuso',
  draft: false,
  unlisted: false,
  tags: [],
  version: 'current',
  sidebarPosition: 2,
  frontMatter: { title: 'Casos de uso', sidebar_position: 2 },
  sidebar: 's4hanaanalytics',
  previous: { title: 'Demos', permalink: '/docs/s4hanaanalytics/presales/demos' },
  next: { title: 'Pricing', permalink: '/docs/s4hanaanalytics/Sales/price' }
}
undefined
AuthProvider mounted
{
  id: 's4hanaanalytics/Sales/price',
  title: 'Pricing',
  description: 'Material Comercial',
  source: '@site/docs/s4hanaanalytics/Sales/price.md',
  sourceDirName: 's4hanaanalytics/Sales',
  slug: '/s4hanaanalytics/Sales/price',
  permalink: '/docs/s4hanaanalytics/Sales/price',
  draft: false,
  unlisted: false,
  tags: [],
  version: 'current',
  frontMatter: { title: 'Pricing' },
  sidebar: 's4hanaanalytics',
  previous: {
    title: 'Casos de uso',
    permalink: '/docs/s4hanaanalytics/Sales/casosdeuso'
  }
}
undefined
AuthProvider mounted
{
  id: 'successfactors/intro',
  title: 'Success FactorsÔÇï',
  description: 'Material Comercial',
  source: '@site/docs/successfactors/intro.md',
  sourceDirName: 'successfactors',
  slug: '/successfactors/intro',
  permalink: '/docs/successfactors/intro',
  draft: false,
  unlisted: false,
  tags: [],
  version: 'current',
  sidebarPosition: 1,
  frontMatter: {
    title: 'Success FactorsÔÇï',
    sidebar_position: 1,
    iconName: 'SAP',
    useBrand: true
  }
}
SAP
AuthProvider mounted
[SUCCESS] Generated static files in "build".
[INFO] [en] Creating an optimized production build...
[90m[[90mwebpackbar[90m][39m [36mÔä╣[39m Compiling Client
[90m[[90mwebpackbar[90m][39m [36mÔä╣[39m Compiling Server
[90m[[90mwebpackbar[90m][39m [32mÔ£ö[39m Server: Compiled successfully in 1.42s
[90m[[90mwebpackbar[90m][39m [32mÔ£ö[39m Client: Compiled successfully in 2.26s
[supabaseClient] SUPABASE_URL or SUPABASE_ANON_KEY not found in process.env ÔÇö using fallback values.
Root loaded
AuthProvider mounted
AuthProvider mounted
AuthProvider mounted
AuthProvider mounted
AuthProvider mounted
AuthProvider mounted
AuthProvider mounted
AuthProvider mounted
AuthProvider mounted
AuthProvider mounted
AuthProvider mounted
AuthProvider mounted
AuthProvider mounted
AuthProvider mounted
AuthProvider mounted
AuthProvider mounted
AuthProvider mounted
AuthProvider mounted
AuthProvider mounted
AuthProvider mounted
{
  id: 'admin/index',
  title: 'Administraci├│n de Clientes',
  description: 'En esta secci├│n podr├ís gestionar la incorporaci├│n de nuevos clientes y mantenerlos informados sobre las ├║ltimas novedades de cada producto.',
  source: '@site/docs/admin/index.md',
  sourceDirName: 'admin',
  slug: '/admin/',
  permalink: '/en/docs/admin/',
  draft: false,
  unlisted: false,
  tags: [],
  version: 'current',
  sidebarPosition: 1,
  frontMatter: {
    title: 'Administraci├│n de Clientes',
    sidebar_position: 1,
    iconName: 'gear',
    hide_table_of_contents: true
  },
  sidebar: 'admin',
  next: {
    title: 'Actualizar archivos',
    permalink: '/en/docs/admin/archivos'
  }
}
gear
AuthProvider mounted
{
  id: 'admin/archivos',
  title: 'Actualizar archivos',
  description: '',
  source: '@site/docs/admin/archivos.md',
  sourceDirName: 'admin',
  slug: '/admin/archivos',
  permalink: '/en/docs/admin/archivos',
  draft: false,
  unlisted: false,
  tags: [],
  version: 'current',
  sidebarPosition: 2,
  frontMatter: { title: 'Actualizar archivos', sidebar_position: 2 },
  sidebar: 'admin',
  previous: { title: 'Administraci├│n de Clientes', permalink: '/en/docs/admin/' }
}
undefined
AuthProvider mounted
{
  id: 'businessoneanalytics/intro',
  title: 'SAP Business One',
  description: 'Powerful and scalable analytics',
  source: '@site/i18n/en/docusaurus-plugin-content-docs/current/businessoneanalytics/intro.md',
  sourceDirName: 'businessoneanalytics',
  slug: '/businessoneanalytics/intro',
  permalink: '/en/docs/businessoneanalytics/intro',
  draft: false,
  unlisted: false,
  tags: [],
  version: 'current',
  sidebarPosition: 1,
  frontMatter: {
    sidebar_label: 'SAP Business One analytics',
    title: 'SAP Business One',
    sidebar_position: 1,
    iconName: 'SAP',
    useBrand: true,
    pdfDoc: 'https://seidoranalytics-my.sharepoint.com/:p:/g/personal/admin_seidoranalytics_onmicrosoft_com/Ed5ej90gfcNBkPbXgKggDvoBT2YVrcRAHI2FW4nAO1qbzg?e=YwWmJo'
  },
  sidebar: 'businessone',
  next: {
    title: 'Battle Card',
    permalink: '/en/docs/businessoneanalytics/presales/Battle/'
  }
}
SAP
AuthProvider mounted
{
  id: 'businessoneanalytics/presales/Battle/index',
  title: 'Battle Card',
  description: '',
  source: '@site/docs/businessoneanalytics/presales/Battle/index.md',
  sourceDirName: 'businessoneanalytics/presales/Battle',
  slug: '/businessoneanalytics/presales/Battle/',
  permalink: '/en/docs/businessoneanalytics/presales/Battle/',
  draft: false,
  unlisted: false,
  tags: [],
  version: 'current',
  frontMatter: { title: 'Battle Card' },
  sidebar: 'businessone',
  previous: {
    title: 'SAP Business One analytics',
    permalink: '/en/docs/businessoneanalytics/intro'
  },
  next: {
    title: 'Demos',
    permalink: '/en/docs/businessoneanalytics/presales/demos'
  }
}
undefined
AuthProvider mounted
{
  id: 'businessoneanalytics/presales/demos',
  title: 'Demos',
  description: '',
  source: '@site/docs/businessoneanalytics/presales/demos.md',
  sourceDirName: 'businessoneanalytics/presales',
  slug: '/businessoneanalytics/presales/demos',
  permalink: '/en/docs/businessoneanalytics/presales/demos',
  draft: false,
  unlisted: false,
  tags: [],
  version: 'current',
  sidebarPosition: 2,
  frontMatter: { title: 'Demos', sidebar_position: 2 },
  sidebar: 'businessone',
  previous: {
    title: 'Battle Card',
    permalink: '/en/docs/businessoneanalytics/presales/Battle/'
  },
  next: {
    title: 'Casos de uso',
    permalink: '/en/docs/businessoneanalytics/Sales/casosdeuso'
  }
}
undefined
AuthProvider mounted
{
  id: 'businessoneanalytics/Sales/casosdeuso',
  title: 'Casos de uso',
  description: '',
  source: '@site/docs/businessoneanalytics/Sales/casosdeuso.md',
  sourceDirName: 'businessoneanalytics/Sales',
  slug: '/businessoneanalytics/Sales/casosdeuso',
  permalink: '/en/docs/businessoneanalytics/Sales/casosdeuso',
  draft: false,
  unlisted: false,
  tags: [],
  version: 'current',
  sidebarPosition: 2,
  frontMatter: { title: 'Casos de uso', sidebar_position: 2 },
  sidebar: 'businessone',
  previous: {
    title: 'Demos',
    permalink: '/en/docs/businessoneanalytics/presales/demos'
  },
  next: {
    title: 'Pricing',
    permalink: '/en/docs/businessoneanalytics/Sales/price'
  }
}
undefined
AuthProvider mounted
{
  id: 'businessoneanalytics/Sales/price',
  title: 'Pricing',
  description: 'Material Comercial',
  source: '@site/docs/businessoneanalytics/Sales/price.md',
  sourceDirName: 'businessoneanalytics/Sales',
  slug: '/businessoneanalytics/Sales/price',
  permalink: '/en/docs/businessoneanalytics/Sales/price',
  draft: false,
  unlisted: false,
  tags: [],
  version: 'current',
  frontMatter: { title: 'Pricing' },
  sidebar: 'businessone',
  previous: {
    title: 'Casos de uso',
    permalink: '/en/docs/businessoneanalytics/Sales/casosdeuso'
  }
}
undefined
AuthProvider mounted
{
  id: 'bydesign/intro',
  title: 'SAP ByDesign',
  description: 'Act┬Àin | SAP ByDesign analytics   Powerful and Expandable AnalyticsÔÇï',
  source: '@site/i18n/en/docusaurus-plugin-content-docs/current/bydesign/intro.md',
  sourceDirName: 'bydesign',
  slug: '/bydesign/intro',
  permalink: '/en/docs/bydesign/intro',
  draft: false,
  unlisted: false,
  tags: [],
  version: 'current',
  sidebarPosition: 1,
  frontMatter: {
    sidebar_label: 'SAP ByDesign',
    title: 'SAP ByDesign',
    sidebar_position: 1,
    iconName: 'SAP',
    useBrand: true,
    pdfDoc: 'https://seidoranalytics-my.sharepoint.com/:p:/g/personal/admin_seidoranalytics_onmicrosoft_com/EZD00uZADrJErpRtvUNsoJMBI_F1KpheHf3VZ72qqrPs7Q?e=25WqFW'
  },
  sidebar: 'bydesign',
  next: {
    title: 'Battle Card',
    permalink: '/en/docs/bydesign/presales/Battle/'
  }
}
SAP
AuthProvider mounted
{
  id: 'bydesign/presales/Battle/index',
  title: 'Battle Card',
  description: '',
  source: '@site/docs/bydesign/presales/Battle/index.md',
  sourceDirName: 'bydesign/presales/Battle',
  slug: '/bydesign/presales/Battle/',
  permalink: '/en/docs/bydesign/presales/Battle/',
  draft: false,
  unlisted: false,
  tags: [],
  version: 'current',
  frontMatter: { title: 'Battle Card' },
  sidebar: 'bydesign',
  previous: { title: 'SAP ByDesign', permalink: '/en/docs/bydesign/intro' },
  next: { title: 'Demos', permalink: '/en/docs/bydesign/presales/demos' }
}
undefined
AuthProvider mounted
{
  id: 'bydesign/presales/demos',
  title: 'Demos',
  description: '',
  source: '@site/docs/bydesign/presales/demos.md',
  sourceDirName: 'bydesign/presales',
  slug: '/bydesign/presales/demos',
  permalink: '/en/docs/bydesign/presales/demos',
  draft: false,
  unlisted: false,
  tags: [],
  version: 'current',
  sidebarPosition: 2,
  frontMatter: { title: 'Demos', sidebar_position: 2 },
  sidebar: 'bydesign',
  previous: {
    title: 'Battle Card',
    permalink: '/en/docs/bydesign/presales/Battle/'
  },
  next: {
    title: 'Casos de uso',
    permalink: '/en/docs/bydesign/Sales/casosdeuso'
  }
}
undefined
AuthProvider mounted
{
  id: 'bydesign/Sales/casosdeuso',
  title: 'Casos de uso',
  description: '',
  source: '@site/docs/bydesign/Sales/casosdeuso.md',
  sourceDirName: 'bydesign/Sales',
  slug: '/bydesign/Sales/casosdeuso',
  permalink: '/en/docs/bydesign/Sales/casosdeuso',
  draft: false,
  unlisted: false,
  tags: [],
  version: 'current',
  sidebarPosition: 2,
  frontMatter: { title: 'Casos de uso', sidebar_position: 2 },
  sidebar: 'bydesign',
  previous: { title: 'Demos', permalink: '/en/docs/bydesign/presales/demos' },
  next: { title: 'Pricing', permalink: '/en/docs/bydesign/Sales/price' }
}
undefined
AuthProvider mounted
{
  id: 'bydesign/Sales/price',
  title: 'Pricing',
  description: 'Material Comercial',
  source: '@site/docs/bydesign/Sales/price.md',
  sourceDirName: 'bydesign/Sales',
  slug: '/bydesign/Sales/price',
  permalink: '/en/docs/bydesign/Sales/price',
  draft: false,
  unlisted: false,
  tags: [],
  version: 'current',
  frontMatter: { title: 'Pricing' },
  sidebar: 'bydesign',
  previous: {
    title: 'Casos de uso',
    permalink: '/en/docs/bydesign/Sales/casosdeuso'
  }
}
undefined
AuthProvider mounted
AuthProvider mounted
{
  id: 'cc/documentacion/index',
  title: 'Documentacion',
  description: '<BoxDoc',
  source: '@site/docs/cc/documentacion/index.md',
  sourceDirName: 'cc/documentacion',
  slug: '/cc/documentacion/',
  permalink: '/en/docs/cc/documentacion/',
  draft: false,
  unlisted: false,
  tags: [],
  version: 'current',
  frontMatter: { title: 'Documentacion' },
  sidebar: 'ccSidebar',
  previous: { title: 'Pricing', permalink: '/en/docs/cc/Sales/price' }
}
undefined
AuthProvider mounted
{
  id: 'cc/intro',
  title: 'What is Cloud Costing?',
  description: 'Cloud Cost Management',
  source: '@site/i18n/en/docusaurus-plugin-content-docs/current/cc/intro.md',
  sourceDirName: 'cc',
  slug: '/cc/intro',
  permalink: '/en/docs/cc/intro',
  draft: false,
  unlisted: false,
  tags: [],
  version: 'current',
  sidebarPosition: 1,
  frontMatter: {
    sidebar_label: 'Cloud Costing',
    title: 'What is Cloud Costing?',
    sidebar_position: 1,
    iconName: 'CloudCosting',
    useBrand: true,
    pdfDoc: 'https://seidoranalytics-my.sharepoint.com/:b:/g/personal/admin_seidoranalytics_onmicrosoft_com/Ee96Apk_NYlDj87jP0RsPvABIGxS3jrqv1TEknCx8tsqbQ?e=LpjqMC'
  },
  sidebar: 'ccSidebar',
  next: { title: 'Battle Card', permalink: '/en/docs/cc/presales/Battle/' }
}
CloudCosting
AuthProvider mounted
{
  id: 'cc/presales/Battle/index',
  title: 'Battle Card',
  description: '',
  source: '@site/docs/cc/presales/Battle/index.md',
  sourceDirName: 'cc/presales/Battle',
  slug: '/cc/presales/Battle/',
  permalink: '/en/docs/cc/presales/Battle/',
  draft: false,
  unlisted: false,
  tags: [],
  version: 'current',
  frontMatter: { title: 'Battle Card' },
  sidebar: 'ccSidebar',
  previous: { title: 'Cloud Costing', permalink: '/en/docs/cc/intro' },
  next: { title: 'Demos', permalink: '/en/docs/cc/presales/demos' }
}
undefined
AuthProvider mounted
{
  id: 'cc/presales/demos',
  title: 'Demos',
  description: '',
  source: '@site/docs/cc/presales/demos.md',
  sourceDirName: 'cc/presales',
  slug: '/cc/presales/demos',
  permalink: '/en/docs/cc/presales/demos',
  draft: false,
  unlisted: false,
  tags: [],
  version: 'current',
  sidebarPosition: 2,
  frontMatter: { title: 'Demos', sidebar_position: 2 },
  sidebar: 'ccSidebar',
  previous: { title: 'Battle Card', permalink: '/en/docs/cc/presales/Battle/' },
  next: { title: 'Comercial', permalink: '/en/docs/cc/Sales/' }
}
undefined
AuthProvider mounted
{
  id: 'cc/Sales/index',
  title: 'Comercial',
  description: 'En esta secci├│n encontrar├ís todos los documentos relevantes para el ├írea comercial de Cloud Costing. El objetivo es centralizar la informaci├│n clave en un solo lugar, facilitando el acceso a materiales estrat├®gicos, presentaciones y comparativas que apoyan el trabajo con clientes y prospectos.',
  source: '@site/docs/cc/Sales/index.md',
  sourceDirName: 'cc/Sales',
  slug: '/cc/Sales/',
  permalink: '/en/docs/cc/Sales/',
  draft: false,
  unlisted: false,
  tags: [],
  version: 'current',
  frontMatter: { title: 'Comercial' },
  sidebar: 'ccSidebar',
  previous: { title: 'Demos', permalink: '/en/docs/cc/presales/demos' },
  next: { title: 'Casos de uso', permalink: '/en/docs/cc/Sales/casosdeuso' }
}
undefined
AuthProvider mounted
{
  id: 'cc/Sales/casosdeuso',
  title: 'Casos de uso',
  description: '',
  source: '@site/docs/cc/Sales/casosdeuso.md',
  sourceDirName: 'cc/Sales',
  slug: '/cc/Sales/casosdeuso',
  permalink: '/en/docs/cc/Sales/casosdeuso',
  draft: false,
  unlisted: false,
  tags: [],
  version: 'current',
  sidebarPosition: 2,
  frontMatter: { title: 'Casos de uso', sidebar_position: 2 },
  sidebar: 'ccSidebar',
  previous: { title: 'Comercial', permalink: '/en/docs/cc/Sales/' },
  next: { title: 'Pricing', permalink: '/en/docs/cc/Sales/price' }
}
undefined
AuthProvider mounted
{
  id: 'cc/Sales/price',
  title: 'Pricing',
  description: '<BoxDoc',
  source: '@site/docs/cc/Sales/price.md',
  sourceDirName: 'cc/Sales',
  slug: '/cc/Sales/price',
  permalink: '/en/docs/cc/Sales/price',
  draft: false,
  unlisted: false,
  tags: [],
  version: 'current',
  frontMatter: { title: 'Pricing' },
  sidebar: 'ccSidebar',
  previous: { title: 'Casos de uso', permalink: '/en/docs/cc/Sales/casosdeuso' },
  next: { title: 'Documentacion', permalink: '/en/docs/cc/documentacion/' }
}
undefined
AuthProvider mounted
{
  id: 'crestone/documentacion/implementaciones',
  title: 'Implementaciones',
  description: 'El prop├│sito de esta p├ígina  es detallar las medidas necesarias para la correcta implementaci├│n y configuraci├│n del sistema CRESTONE',
  source: '@site/docs/crestone/documentacion/implementaciones.md',
  sourceDirName: 'crestone/documentacion',
  slug: '/crestone/documentacion/implementaciones',
  permalink: '/en/docs/crestone/documentacion/implementaciones',
  draft: false,
  unlisted: false,
  tags: [],
  version: 'current',
  sidebarPosition: 1,
  frontMatter: { title: 'Implementaciones', sidebar_position: 1 },
  sidebar: 'crestoneSidebar',
  previous: { title: 'Pricing', permalink: '/en/docs/crestone/Sales/price' },
  next: {
    title: 'SAP Connectivity',
    permalink: '/en/docs/crestone/documentacion/sapconnectivity'
  }
}
undefined
AuthProvider mounted
{
  id: 'crestone/documentacion/sapconnectivity',
  title: 'SAP Connectivity',
  description: '<BoxDoc',
  source: '@site/docs/crestone/documentacion/sapconnectivity.md',
  sourceDirName: 'crestone/documentacion',
  slug: '/crestone/documentacion/sapconnectivity',
  permalink: '/en/docs/crestone/documentacion/sapconnectivity',
  draft: false,
  unlisted: false,
  tags: [],
  version: 'current',
  sidebarPosition: 2,
  frontMatter: {
    title: 'SAP Connectivity',
    sidebar_position: 2,
    iconName: 'SAP',
    useBrand: true
  },
  sidebar: 'crestoneSidebar',
  previous: {
    title: 'Implementaciones',
    permalink: '/en/docs/crestone/documentacion/implementaciones'
  }
}
SAP
AuthProvider mounted
{
  id: 'crestone/intro',
  title: 'Crestone',
  description: 'Crestone',
  source: '@site/i18n/en/docusaurus-plugin-content-docs/current/crestone/intro.md',
  sourceDirName: 'crestone',
  slug: '/crestone/intro',
  permalink: '/en/docs/crestone/intro',
  draft: false,
  unlisted: false,
  tags: [],
  version: 'current',
  sidebarPosition: 1,
  frontMatter: {
    sidebar_label: 'Crestone',
    title: 'Crestone',
    sidebar_position: 1,
    iconName: 'Crestone',
    useBrand: true
  },
  sidebar: 'crestoneSidebar',
  next: {
    title: 'Battle Card',
    permalink: '/en/docs/crestone/presales/Battle/'
  }
}
Crestone
AuthProvider mounted
{
  id: 'crestone/presales/Battle/index',
  title: 'Crestone vs Xtract Universal',
  description: 'Battle Card (En)',
  source: '@site/i18n/en/docusaurus-plugin-content-docs/current/crestone/presales/Battle/index.md',
  sourceDirName: 'crestone/presales/Battle',
  slug: '/crestone/presales/Battle/',
  permalink: '/en/docs/crestone/presales/Battle/',
  draft: false,
  unlisted: false,
  tags: [],
  version: 'current',
  frontMatter: { title: 'Crestone vs Xtract Universal' },
  sidebar: 'crestoneSidebar',
  previous: { title: 'Crestone', permalink: '/en/docs/crestone/intro' },
  next: { title: 'Demos', permalink: '/en/docs/crestone/presales/demos' }
}
undefined
AuthProvider mounted
{
  id: 'crestone/presales/demos',
  title: 'Demos',
  description: "In this section, you will find a collection of video demos showcasing Daiana's capabilities applied to commercial environments.",
  source: '@site/i18n/en/docusaurus-plugin-content-docs/current/crestone/presales/demos.md',
  sourceDirName: 'crestone/presales',
  slug: '/crestone/presales/demos',
  permalink: '/en/docs/crestone/presales/demos',
  draft: false,
  unlisted: false,
  tags: [],
  version: 'current',
  sidebarPosition: 2,
  frontMatter: { title: 'Demos', sidebar_position: 2 },
  sidebar: 'crestoneSidebar',
  previous: {
    title: 'Battle Card',
    permalink: '/en/docs/crestone/presales/Battle/'
  },
  next: {
    title: 'Webinars',
    permalink: '/en/docs/crestone/presales/webinars'
  }
}
undefined
AuthProvider mounted
{
  id: 'crestone/presales/webinars',
  title: 'Webinars',
  description: 'Todos los Webinars',
  source: '@site/docs/crestone/presales/webinars.md',
  sourceDirName: 'crestone/presales',
  slug: '/crestone/presales/webinars',
  permalink: '/en/docs/crestone/presales/webinars',
  draft: false,
  unlisted: false,
  tags: [],
  version: 'current',
  sidebarPosition: 3,
  frontMatter: {
    title: 'Webinars',
    hide_title: true,
    sidebar_position: 3,
    hide_table_of_contents: true
  },
  sidebar: 'crestoneSidebar',
  previous: { title: 'Demos', permalink: '/en/docs/crestone/presales/demos' },
  next: { title: 'Sales', permalink: '/en/docs/crestone/Sales/' }
}
undefined
AuthProvider mounted
{
  id: 'crestone/Sales/index',
  title: 'Sales',
  description: 'Here you will find all the documents uploaded to OneDrive.',
  source: '@site/i18n/en/docusaurus-plugin-content-docs/current/crestone/Sales/index.md',
  sourceDirName: 'crestone/Sales',
  slug: '/crestone/Sales/',
  permalink: '/en/docs/crestone/Sales/',
  draft: false,
  unlisted: false,
  tags: [],
  version: 'current',
  frontMatter: { title: 'Sales' },
  sidebar: 'crestoneSidebar',
  previous: {
    title: 'Webinars',
    permalink: '/en/docs/crestone/presales/webinars'
  },
  next: {
    title: 'Use cases',
    permalink: '/en/docs/crestone/Sales/casosdeuso'
  }
}
undefined
AuthProvider mounted
{
  id: 'crestone/Sales/casosdeuso',
  title: 'Use cases',
  description: 'In this section, you will find practical examples of how Crestone can be integrated with platforms such as AWS, Snowflakes, GCP, Azure, and other tools to optimize workflows, improve opportunity tracking, and automate repetitive tasks.',
  source: '@site/i18n/en/docusaurus-plugin-content-docs/current/crestone/Sales/casosdeuso.md',
  sourceDirName: 'crestone/Sales',
  slug: '/crestone/Sales/casosdeuso',
  permalink: '/en/docs/crestone/Sales/casosdeuso',
  draft: false,
  unlisted: false,
  tags: [],
  version: 'current',
  sidebarPosition: 2,
  frontMatter: { title: 'Use cases', sidebar_position: 2 },
  sidebar: 'crestoneSidebar',
  previous: { title: 'Sales', permalink: '/en/docs/crestone/Sales/' },
  next: { title: 'Roadmap', permalink: '/en/docs/crestone/Sales/roadmap' }
}
undefined
AuthProvider mounted
{
  id: 'crestone/Sales/price',
  title: 'Pricing',
  description: '',
  source: '@site/i18n/en/docusaurus-plugin-content-docs/current/crestone/Sales/price.md',
  sourceDirName: 'crestone/Sales',
  slug: '/crestone/Sales/price',
  permalink: '/en/docs/crestone/Sales/price',
  draft: false,
  unlisted: false,
  tags: [],
  version: 'current',
  frontMatter: { hide_table_of_contents: true, title: 'Pricing' },
  sidebar: 'crestoneSidebar',
  previous: { title: 'Roadmap', permalink: '/en/docs/crestone/Sales/roadmap' },
  next: {
    title: 'Implementaciones',
    permalink: '/en/docs/crestone/documentacion/implementaciones'
  }
}
undefined
AuthProvider mounted
{
  id: 'crestone/Sales/roadmap',
  title: 'Roadmap',
  description: 'Nos complace compartir con ustedes nuestro emocionante roadmap de producto para el pr├│ximo a├▒o. Este plan estrat├®gico describe nuestras prioridades clave, las funcionalidades que entregaremos y las integraciones que nos permitir├ín fortalecer nuestra plataforma y alcanzar nuevos hitos.',
  source: '@site/docs/crestone/Sales/roadmap.md',
  sourceDirName: 'crestone/Sales',
  slug: '/crestone/Sales/roadmap',
  permalink: '/en/docs/crestone/Sales/roadmap',
  draft: false,
  unlisted: false,
  tags: [],
  version: 'current',
  sidebarPosition: 3,
  frontMatter: {
    hide_table_of_contents: true,
    title: 'Roadmap',
    sidebar_position: 3
  },
  sidebar: 'crestoneSidebar',
  previous: {
    title: 'Use cases',
    permalink: '/en/docs/crestone/Sales/casosdeuso'
  },
  next: { title: 'Pricing', permalink: '/en/docs/crestone/Sales/price' }
}
undefined
AuthProvider mounted
{
  id: 'crestone/Sales/Timeline',
  title: 'Timeline',
  description: 'Roadmap de Crestone Sales',
  source: '@site/docs/crestone/Sales/Timeline.md',
  sourceDirName: 'crestone/Sales',
  slug: '/crestone/Sales/Timeline',
  permalink: '/en/docs/crestone/Sales/Timeline',
  draft: false,
  unlisted: true,
  tags: [],
  version: 'current',
  sidebarPosition: 5,
  frontMatter: {
    title: 'Timeline',
    description: 'Roadmap de Crestone Sales',
    unlisted: true,
    sidebar_position: 5
  },
  sidebar: 'crestoneSidebar'
}
undefined
AuthProvider mounted
{
  id: 'daiana/documentacion/branding',
  title: 'Implementaci├│n de Branding Din├ímico',
  description: 'El branding din├ímico permite personalizar elementos clave de la interfaz de la aplicaci├│n para diferentes "tenants" (clientes o grupos) de manera din├ímica. En este caso, el branding se configura usando la tabla tenants de la base de datos, donde tenant con id 1 puede tener su propio logo, nombre de aplicaci├│n, favicon, enlace, y otros valores personalizados.',
  source: '@site/i18n/en/docusaurus-plugin-content-docs/current/daiana/documentacion/branding.md',
  sourceDirName: 'daiana/documentacion',
  slug: '/daiana/documentacion/branding',
  permalink: '/en/docs/daiana/documentacion/branding',
  draft: false,
  unlisted: false,
  tags: [],
  version: 'current',
  sidebarPosition: 5,
  frontMatter: {
    title: 'Implementaci├│n de Branding Din├ímico',
    sidebar_label: 'Branding Din├ímico',
    sidebar_position: 5
  },
  sidebar: 'daianaSidebar',
  previous: {
    title: 'Agregar un agente en Teams',
    permalink: '/en/docs/daiana/documentacion/guias'
  }
}
undefined
AuthProvider mounted
{
  id: 'daiana/documentacion/guias',
  title: 'Agregar un agente en Teams',
  description: 'Para agregar un agente a tu listado de conversaciones tendr├ís que seguir los siguientes pasos, adem├ís de estar autorizado',
  source: '@site/i18n/en/docusaurus-plugin-content-docs/current/daiana/documentacion/guias.md',
  sourceDirName: 'daiana/documentacion',
  slug: '/daiana/documentacion/guias',
  permalink: '/en/docs/daiana/documentacion/guias',
  draft: false,
  unlisted: false,
  tags: [],
  version: 'current',
  sidebarPosition: 4,
  frontMatter: {
    iconName: 'Teams',
    useBrand: true,
    title: 'Agregar un agente en Teams',
    sidebar_position: 4,
    pdfDoc: 'https://seidoranalytics-my.sharepoint.com/:b:/g/personal/admin_seidoranalytics_onmicrosoft_com/EWQUSvsFqJdEpQ9oBRbyln8BWvFBg7ujOWhHHfnqDq4Nlg?e=NcEYBX'
  },
  sidebar: 'daianaSidebar',
  previous: {
    title: 'Requerimientos t├®cnicos',
    permalink: '/en/docs/daiana/documentacion/requerimientos.'
  },
  next: {
    title: 'Branding Din├ímico',
    permalink: '/en/docs/daiana/documentacion/branding'
  }
}
Teams
AuthProvider mounted
{
  id: 'daiana/documentacion/instalacion',
  title: 'Instalacion',
  description: '1. Ingresar a EC2 y luego click en Launch instance from template.',
  source: '@site/i18n/en/docusaurus-plugin-content-docs/current/daiana/documentacion/instalacion.md',
  sourceDirName: 'daiana/documentacion',
  slug: '/daiana/documentacion/instalacion',
  permalink: '/en/docs/daiana/documentacion/instalacion',
  draft: false,
  unlisted: false,
  tags: [],
  version: 'current',
  sidebarPosition: 2,
  frontMatter: {
    title: 'Instalacion',
    sidebar_position: 2,
    hide_table_of_contents: true
  },
  sidebar: 'daianaSidebar',
  previous: { title: 'Pricing', permalink: '/en/docs/daiana/Sales/price' },
  next: {
    title: 'Requerimientos t├®cnicos',
    permalink: '/en/docs/daiana/documentacion/requerimientos.'
  }
}
undefined
AuthProvider mounted
{
  id: 'daiana/documentacion/requerimientos.',
  title: 'Requerimientos t├®cnicos',
  description: 'Asegurar una correcta implementaci├│n para su normal funcionamiento es esencial, especialmente por el trabajo realizado en cada proceso lleva adelante la inteligencia artificial. A continuaci├│n, te enumeramos los requerimientos m├¡nimos necesarios para la etapa de implementaci├│n:',
  source: '@site/i18n/en/docusaurus-plugin-content-docs/current/daiana/documentacion/requerimientos..md',
  sourceDirName: 'daiana/documentacion',
  slug: '/daiana/documentacion/requerimientos.',
  permalink: '/en/docs/daiana/documentacion/requerimientos.',
  draft: false,
  unlisted: false,
  tags: [],
  version: 'current',
  sidebarPosition: 3,
  frontMatter: { title: 'Requerimientos t├®cnicos', sidebar_position: 3 },
  sidebar: 'daianaSidebar',
  previous: {
    title: 'Instalacion',
    permalink: '/en/docs/daiana/documentacion/instalacion'
  },
  next: {
    title: 'Agregar un agente en Teams',
    permalink: '/en/docs/daiana/documentacion/guias'
  }
}
undefined
AuthProvider mounted
{
  id: 'daiana/intro',
  title: 'What is Daiana?',
  description: 'Daiana',
  source: '@site/i18n/en/docusaurus-plugin-content-docs/current/daiana/intro.md',
  sourceDirName: 'daiana',
  slug: '/daiana/intro',
  permalink: '/en/docs/daiana/intro',
  draft: false,
  unlisted: false,
  tags: [],
  version: 'current',
  sidebarPosition: 1,
  frontMatter: {
    sidebar_label: 'Daiana',
    title: 'What is Daiana?',
    sidebar_position: 1,
    iconName: 'Daiana',
    useBrand: true,
    pdfDoc: 'https://seidoranalytics-my.sharepoint.com/:b:/g/personal/admin_seidoranalytics_onmicrosoft_com/Eco7gYXU0IpItwbpxnU9pDoB1l_oH7bRMqHxpJ1jB0thXg?e=iG8rao'
  },
  sidebar: 'daianaSidebar',
  next: {
    title: 'Battle Cards',
    permalink: '/en/docs/daiana/presales/Battle/'
  }
}
Daiana
AuthProvider mounted
{
  id: 'daiana/presales/Battle/index',
  title: 'Battle Cards',
  description: 'Las Battle Cards de Daiana son documentos estrat├®gicos dise├▒ados para comparar nuestras soluciones con otras alternativas del mercado. Su objetivo es brindar a los equipos de trabajo argumentos claros, diferenciadores y f├íciles de comunicar al momento de evaluar o presentar Daiana frente a la competencia.',
  source: '@site/docs/daiana/presales/Battle/index.md',
  sourceDirName: 'daiana/presales/Battle',
  slug: '/daiana/presales/Battle/',
  permalink: '/en/docs/daiana/presales/Battle/',
  draft: false,
  unlisted: false,
  tags: [],
  version: 'current',
  frontMatter: { title: 'Battle Cards' },
  sidebar: 'daianaSidebar',
  previous: { title: 'Daiana', permalink: '/en/docs/daiana/intro' },
  next: {
    title: 'Daiana vs Copilot Studio',
    permalink: '/en/docs/daiana/presales/Battle/copilot'
  }
}
undefined
AuthProvider mounted
{
  id: 'daiana/presales/Battle/azure',
  title: 'Daiana vs Azure Bot Service',
  description: 'Funcionalidades Principales',
  source: '@site/docs/daiana/presales/Battle/azure.md',
  sourceDirName: 'daiana/presales/Battle',
  slug: '/daiana/presales/Battle/azure',
  permalink: '/en/docs/daiana/presales/Battle/azure',
  draft: false,
  unlisted: false,
  tags: [],
  version: 'current',
  sidebarPosition: 4,
  frontMatter: { title: 'Daiana vs Azure Bot Service', sidebar_position: 4 },
  sidebar: 'daianaSidebar',
  previous: {
    title: 'Daiana vs IBM Watson Assistant',
    permalink: '/en/docs/daiana/presales/Battle/ibm'
  },
  next: { title: 'Demos', permalink: '/en/docs/daiana/presales/demos' }
}
undefined
AuthProvider mounted
{
  id: 'daiana/presales/Battle/copilot',
  title: 'Daiana vs Copilot Studio',
  description: 'Funcionalidades Principales',
  source: '@site/docs/daiana/presales/Battle/copilot.md',
  sourceDirName: 'daiana/presales/Battle',
  slug: '/daiana/presales/Battle/copilot',
  permalink: '/en/docs/daiana/presales/Battle/copilot',
  draft: false,
  unlisted: false,
  tags: [],
  version: 'current',
  sidebarPosition: 2,
  frontMatter: { title: 'Daiana vs Copilot Studio', sidebar_position: 2 },
  sidebar: 'daianaSidebar',
  previous: {
    title: 'Battle Cards',
    permalink: '/en/docs/daiana/presales/Battle/'
  },
  next: {
    title: 'Daiana vs Dialogflow (Google Cloud)',
    permalink: '/en/docs/daiana/presales/Battle/dialogflow'
  }
}
undefined
AuthProvider mounted
{
  id: 'daiana/presales/Battle/dialogflow',
  title: 'Daiana vs Dialogflow (Google Cloud)',
  description: 'Funcionalidades Principales',
  source: '@site/docs/daiana/presales/Battle/dialogflow.md',
  sourceDirName: 'daiana/presales/Battle',
  slug: '/daiana/presales/Battle/dialogflow',
  permalink: '/en/docs/daiana/presales/Battle/dialogflow',
  draft: false,
  unlisted: false,
  tags: [],
  version: 'current',
  sidebarPosition: 2,
  frontMatter: { title: 'Daiana vs Dialogflow (Google Cloud)', sidebar_position: 2 },
  sidebar: 'daianaSidebar',
  previous: {
    title: 'Daiana vs Copilot Studio',
    permalink: '/en/docs/daiana/presales/Battle/copilot'
  },
  next: {
    title: 'Daiana vs IBM Watson Assistant',
    permalink: '/en/docs/daiana/presales/Battle/ibm'
  }
}
undefined
AuthProvider mounted
{
  id: 'daiana/presales/Battle/ibm',
  title: 'Daiana vs IBM Watson Assistant',
  description: 'Funcionalidades Principales',
  source: '@site/docs/daiana/presales/Battle/ibm.md',
  sourceDirName: 'daiana/presales/Battle',
  slug: '/daiana/presales/Battle/ibm',
  permalink: '/en/docs/daiana/presales/Battle/ibm',
  draft: false,
  unlisted: false,
  tags: [],
  version: 'current',
  sidebarPosition: 3,
  frontMatter: { title: 'Daiana vs IBM Watson Assistant', sidebar_position: 3 },
  sidebar: 'daianaSidebar',
  previous: {
    title: 'Daiana vs Dialogflow (Google Cloud)',
    permalink: '/en/docs/daiana/presales/Battle/dialogflow'
  },
  next: {
    title: 'Daiana vs Azure Bot Service',
    permalink: '/en/docs/daiana/presales/Battle/azure'
  }
}
undefined
AuthProvider mounted
{
  id: 'daiana/presales/demos',
  title: 'Demos',
  description: "In this section, you will find a collection of video demos showcasing Daiana's capabilities when applied to commercial environments.",
  source: '@site/i18n/en/docusaurus-plugin-content-docs/current/daiana/presales/demos.md',
  sourceDirName: 'daiana/presales',
  slug: '/daiana/presales/demos',
  permalink: '/en/docs/daiana/presales/demos',
  draft: false,
  unlisted: false,
  tags: [],
  version: 'current',
  sidebarPosition: 2,
  frontMatter: { title: 'Demos', sidebar_position: 2 },
  sidebar: 'daianaSidebar',
  previous: {
    title: 'Daiana vs Azure Bot Service',
    permalink: '/en/docs/daiana/presales/Battle/azure'
  },
  next: { title: 'Webinars', permalink: '/en/docs/daiana/presales/webinars' }
}
undefined
AuthProvider mounted
{
  id: 'daiana/presales/internal',
  title: 'Uso interno',
  description: 'Estas comparaciones est├ín pensadas como un recurso interno para el equipo. Su objetivo es brindar argumentos claros y diferenciadores de Daiana frente a otras soluciones, de manera r├ípida y organizada. No est├ín dise├▒adas para uso comercial directo con clientes, sino como material de apoyo para capacitaciones, presentaciones y conversaciones estrat├®gicas.',
  source: '@site/docs/daiana/presales/internal.md',
  sourceDirName: 'daiana/presales',
  slug: '/daiana/presales/internal',
  permalink: '/en/docs/daiana/presales/internal',
  draft: false,
  unlisted: false,
  tags: [],
  version: 'current',
  sidebarPosition: 4,
  frontMatter: { title: 'Uso interno', sidebar_position: 4 },
  sidebar: 'daianaSidebar',
  previous: { title: 'Webinars', permalink: '/en/docs/daiana/presales/webinars' },
  next: { title: 'Sales', permalink: '/en/docs/daiana/Sales/' }
}
undefined
AuthProvider mounted
{
  id: 'daiana/presales/webinars',
  title: 'Webinars',
  description: 'Todos los Webinars',
  source: '@site/docs/daiana/presales/webinars.md',
  sourceDirName: 'daiana/presales',
  slug: '/daiana/presales/webinars',
  permalink: '/en/docs/daiana/presales/webinars',
  draft: false,
  unlisted: false,
  tags: [],
  version: 'current',
  sidebarPosition: 3,
  frontMatter: {
    title: 'Webinars',
    hide_title: true,
    sidebar_position: 3,
    hide_table_of_contents: true
  },
  sidebar: 'daianaSidebar',
  previous: { title: 'Demos', permalink: '/en/docs/daiana/presales/demos' },
  next: {
    title: 'Uso interno',
    permalink: '/en/docs/daiana/presales/internal'
  }
}
undefined
AuthProvider mounted
{
  id: 'daiana/Sales/index',
  title: 'Sales',
  description: 'Aca encontraras todos los docuentos cargados en one Drive',
  source: '@site/i18n/en/docusaurus-plugin-content-docs/current/daiana/Sales/index.md',
  sourceDirName: 'daiana/Sales',
  slug: '/daiana/Sales/',
  permalink: '/en/docs/daiana/Sales/',
  draft: false,
  unlisted: false,
  tags: [],
  version: 'current',
  frontMatter: { title: 'Sales' },
  sidebar: 'daianaSidebar',
  previous: {
    title: 'Uso interno',
    permalink: '/en/docs/daiana/presales/internal'
  },
  next: {
    title: 'Casos de uso',
    permalink: '/en/docs/daiana/Sales/casosdeuso'
  }
}
undefined
AuthProvider mounted
{
  id: 'daiana/Sales/casosdeuso',
  title: 'Casos de uso',
  description: 'En esta secci├│n encontrar├ís ejemplos pr├ícticos de c├│mo Daiana puede integrarse con plataformas clave del entorno comercial como Jira, Hubspot, CRMs y otras herramientas para optimizar flujos de trabajo, mejorar el seguimiento de oportunidades y automatizar tareas repetitivas.',
  source: '@site/i18n/en/docusaurus-plugin-content-docs/current/daiana/Sales/casosdeuso.md',
  sourceDirName: 'daiana/Sales',
  slug: '/daiana/Sales/casosdeuso',
  permalink: '/en/docs/daiana/Sales/casosdeuso',
  draft: false,
  unlisted: false,
  tags: [],
  version: 'current',
  sidebarPosition: 2,
  frontMatter: { title: 'Casos de uso', sidebar_position: 2 },
  sidebar: 'daianaSidebar',
  previous: { title: 'Sales', permalink: '/en/docs/daiana/Sales/' },
  next: { title: 'Roadmap', permalink: '/en/docs/daiana/Sales/roadmap' }
}
undefined
AuthProvider mounted
{
  id: 'daiana/Sales/price',
  title: 'Pricing',
  description: '',
  source: '@site/i18n/en/docusaurus-plugin-content-docs/current/daiana/Sales/price.md',
  sourceDirName: 'daiana/Sales',
  slug: '/daiana/Sales/price',
  permalink: '/en/docs/daiana/Sales/price',
  draft: false,
  unlisted: false,
  tags: [],
  version: 'current',
  frontMatter: { hide_table_of_contents: true, title: 'Pricing' },
  sidebar: 'daianaSidebar',
  previous: { title: 'Roadmap', permalink: '/en/docs/daiana/Sales/roadmap' },
  next: {
    title: 'Instalacion',
    permalink: '/en/docs/daiana/documentacion/instalacion'
  }
}
undefined
AuthProvider mounted
{
  id: 'daiana/Sales/roadmap',
  title: 'Roadmap',
  description: 'Les compartimos el Roadmap de DAIANA, que marca el rumbo de lo que se viene.',
  source: '@site/docs/daiana/Sales/roadmap.md',
  sourceDirName: 'daiana/Sales',
  slug: '/daiana/Sales/roadmap',
  permalink: '/en/docs/daiana/Sales/roadmap',
  draft: false,
  unlisted: false,
  tags: [],
  version: 'current',
  sidebarPosition: 4,
  frontMatter: {
    hide_table_of_contents: true,
    title: 'Roadmap',
    sidebar_position: 4
  },
  sidebar: 'daianaSidebar',
  previous: {
    title: 'Casos de uso',
    permalink: '/en/docs/daiana/Sales/casosdeuso'
  },
  next: { title: 'Pricing', permalink: '/en/docs/daiana/Sales/price' }
}
undefined
AuthProvider mounted
{
  id: 'doxa/documentacion/index',
  title: 'Documentacion',
  description: '',
  source: '@site/docs/doxa/documentacion/index.md',
  sourceDirName: 'doxa/documentacion',
  slug: '/doxa/documentacion/',
  permalink: '/en/docs/doxa/documentacion/',
  draft: false,
  unlisted: false,
  tags: [],
  version: 'current',
  frontMatter: { title: 'Documentacion' },
  sidebar: 'doxaSidebar',
  previous: { title: 'Pricing', permalink: '/en/docs/doxa/Sales/price' }
}
undefined
AuthProvider mounted
{
  id: 'doxa/intro',
  title: 'What is Doxa?',
  description: 'Doxa Banner',
  source: '@site/i18n/en/docusaurus-plugin-content-docs/current/doxa/intro.md',
  sourceDirName: 'doxa',
  slug: '/doxa/intro',
  permalink: '/en/docs/doxa/intro',
  draft: false,
  unlisted: false,
  tags: [],
  version: 'current',
  sidebarPosition: 1,
  frontMatter: {
    sidebar_label: 'Doxa',
    title: 'What is Doxa?',
    sidebar_position: 1,
    iconName: 'Doxa',
    useBrand: true,
    pdfDoc: 'https://seidoranalytics-my.sharepoint.com/:b:/g/personal/admin_seidoranalytics_onmicrosoft_com/EfeAy-gtjURKgN8Vuh0dF9gB7c14tPNwOOCevy0KgsD98g?e=uN3HIE'
  },
  sidebar: 'doxaSidebar',
  next: { title: 'Battle Card', permalink: '/en/docs/doxa/presales/Battle/' }
}
Doxa
AuthProvider mounted
{
  id: 'doxa/presales/Battle/index',
  title: 'Battle Card',
  description: '<BoxDoc',
  source: '@site/docs/doxa/presales/Battle/index.md',
  sourceDirName: 'doxa/presales/Battle',
  slug: '/doxa/presales/Battle/',
  permalink: '/en/docs/doxa/presales/Battle/',
  draft: false,
  unlisted: false,
  tags: [],
  version: 'current',
  frontMatter: { title: 'Battle Card' },
  sidebar: 'doxaSidebar',
  previous: { title: 'Doxa', permalink: '/en/docs/doxa/intro' },
  next: { title: 'Demos', permalink: '/en/docs/doxa/presales/demos' }
}
undefined
AuthProvider mounted
{
  id: 'doxa/presales/demos',
  title: 'Demos',
  description: '',
  source: '@site/docs/doxa/presales/demos.md',
  sourceDirName: 'doxa/presales',
  slug: '/doxa/presales/demos',
  permalink: '/en/docs/doxa/presales/demos',
  draft: false,
  unlisted: false,
  tags: [],
  version: 'current',
  sidebarPosition: 2,
  frontMatter: { title: 'Demos', sidebar_position: 2 },
  sidebar: 'doxaSidebar',
  previous: { title: 'Battle Card', permalink: '/en/docs/doxa/presales/Battle/' },
  next: {
    title: 'Casos de uso',
    permalink: '/en/docs/doxa/Sales/casosdeuso'
  }
}
undefined
AuthProvider mounted
{
  id: 'doxa/Sales/casosdeuso',
  title: 'Casos de uso',
  description: '',
  source: '@site/docs/doxa/Sales/casosdeuso.md',
  sourceDirName: 'doxa/Sales',
  slug: '/doxa/Sales/casosdeuso',
  permalink: '/en/docs/doxa/Sales/casosdeuso',
  draft: false,
  unlisted: false,
  tags: [],
  version: 'current',
  sidebarPosition: 2,
  frontMatter: { title: 'Casos de uso', sidebar_position: 2 },
  sidebar: 'doxaSidebar',
  previous: { title: 'Demos', permalink: '/en/docs/doxa/presales/demos' },
  next: { title: 'Pricing', permalink: '/en/docs/doxa/Sales/price' }
}
undefined
AuthProvider mounted
{
  id: 'doxa/Sales/price',
  title: 'Pricing',
  description: 'Planes DOXA',
  source: '@site/docs/doxa/Sales/price.md',
  sourceDirName: 'doxa/Sales',
  slug: '/doxa/Sales/price',
  permalink: '/en/docs/doxa/Sales/price',
  draft: false,
  unlisted: false,
  tags: [],
  version: 'current',
  frontMatter: { title: 'Pricing' },
  sidebar: 'doxaSidebar',
  previous: {
    title: 'Casos de uso',
    permalink: '/en/docs/doxa/Sales/casosdeuso'
  },
  next: { title: 'Documentacion', permalink: '/en/docs/doxa/documentacion/' }
}
undefined
AuthProvider mounted
{
  id: 'feelings/documentacion/index',
  title: 'Documentacion',
  description: '',
  source: '@site/docs/feelings/documentacion/index.md',
  sourceDirName: 'feelings/documentacion',
  slug: '/feelings/documentacion/',
  permalink: '/en/docs/feelings/documentacion/',
  draft: false,
  unlisted: false,
  tags: [],
  version: 'current',
  frontMatter: { title: 'Documentacion' },
  sidebar: 'feelingsSidebar',
  previous: { title: 'Pricing', permalink: '/en/docs/feelings/Sales/price' }
}
undefined
AuthProvider mounted
{
  id: 'feelings/intro',
  title: 'What is Feelings?',
  description: 'Feelings First',
  source: '@site/i18n/en/docusaurus-plugin-content-docs/current/feelings/intro.md',
  sourceDirName: 'feelings',
  slug: '/feelings/intro',
  permalink: '/en/docs/feelings/intro',
  draft: false,
  unlisted: false,
  tags: [],
  version: 'current',
  sidebarPosition: 1,
  frontMatter: {
    sidebar_label: 'Feelings',
    title: 'What is Feelings?',
    sidebar_position: 1,
    iconName: 'Feelings',
    useBrand: true,
    pdfDoc: 'https://seidoranalytics-my.sharepoint.com/:p:/g/personal/admin_seidoranalytics_onmicrosoft_com/EXyx-ehZDTpHkiTu3ntAd1MBHEkMKwxxm_ww3E4Ap29waQ?e=N3dZ2E'
  },
  sidebar: 'feelingsSidebar',
  next: {
    title: 'Battle Card',
    permalink: '/en/docs/feelings/presales/Battle/'
  }
}
Feelings
AuthProvider mounted
{
  id: 'feelings/presales/Battle/index',
  title: 'Battle Card',
  description: '',
  source: '@site/docs/feelings/presales/Battle/index.md',
  sourceDirName: 'feelings/presales/Battle',
  slug: '/feelings/presales/Battle/',
  permalink: '/en/docs/feelings/presales/Battle/',
  draft: false,
  unlisted: false,
  tags: [],
  version: 'current',
  frontMatter: { title: 'Battle Card' },
  sidebar: 'feelingsSidebar',
  previous: { title: 'Feelings', permalink: '/en/docs/feelings/intro' },
  next: { title: 'Demos', permalink: '/en/docs/feelings/presales/demos' }
}
undefined
AuthProvider mounted
{
  id: 'feelings/presales/demos',
  title: 'Demos',
  description: '',
  source: '@site/docs/feelings/presales/demos.md',
  sourceDirName: 'feelings/presales',
  slug: '/feelings/presales/demos',
  permalink: '/en/docs/feelings/presales/demos',
  draft: false,
  unlisted: false,
  tags: [],
  version: 'current',
  sidebarPosition: 2,
  frontMatter: { title: 'Demos', sidebar_position: 2 },
  sidebar: 'feelingsSidebar',
  previous: {
    title: 'Battle Card',
    permalink: '/en/docs/feelings/presales/Battle/'
  },
  next: { title: 'Comercial', permalink: '/en/docs/category/comercial' }
}
undefined
AuthProvider mounted
{
  id: 'feelings/Sales/casosdeuso',
  title: 'Casos de uso',
  description: 'Casos de uso.',
  source: '@site/docs/feelings/Sales/casosdeuso.md',
  sourceDirName: 'feelings/Sales',
  slug: '/feelings/Sales/casosdeuso',
  permalink: '/en/docs/feelings/Sales/casosdeuso',
  draft: false,
  unlisted: false,
  tags: [],
  version: 'current',
  sidebarPosition: 2,
  frontMatter: {
    title: 'Casos de uso',
    sidebar_position: 2,
    description: 'Casos de uso.'
  },
  sidebar: 'feelingsSidebar',
  previous: { title: 'Comercial', permalink: '/en/docs/category/comercial' },
  next: { title: 'Pricing', permalink: '/en/docs/feelings/Sales/price' }
}
undefined
AuthProvider mounted
{
  id: 'feelings/Sales/price',
  title: 'Pricing',
  description: 'Este documento re├║ne el contenido de la presentaci├│n Feelings Pricing.',
  source: '@site/docs/feelings/Sales/price.md',
  sourceDirName: 'feelings/Sales',
  slug: '/feelings/Sales/price',
  permalink: '/en/docs/feelings/Sales/price',
  draft: false,
  unlisted: false,
  tags: [],
  version: 'current',
  frontMatter: {
    title: 'Pricing',
    description: 'Este documento re├║ne el contenido de la presentaci├│n Feelings Pricing.'
  },
  sidebar: 'feelingsSidebar',
  previous: {
    title: 'Casos de uso',
    permalink: '/en/docs/feelings/Sales/casosdeuso'
  },
  next: {
    title: 'Documentacion',
    permalink: '/en/docs/feelings/documentacion/'
  }
}
undefined
AuthProvider mounted
{
  id: 'harbinger/documentacion/index',
  title: 'Documentacion',
  description: 'La documentaci├│n de Harbinger ha sido dise├▒ada para guiar a nuevos usuarios en todo el proceso de incorporaci├│n al producto, desde el onboarding inicial mediante un formulario sencillo hasta la consulta de la documentaci├│n t├®cnica completa. Aqu├¡ encontrar├ís la informaci├│n necesaria para configurar, comprender y sacar el m├íximo provecho de las funcionalidades de Harbinger.',
  source: '@site/docs/harbinger/documentacion/index.md',
  sourceDirName: 'harbinger/documentacion',
  slug: '/harbinger/documentacion/',
  permalink: '/en/docs/harbinger/documentacion/',
  draft: false,
  unlisted: false,
  tags: [],
  version: 'current',
  sidebarPosition: 2,
  frontMatter: { title: 'Documentacion', sidebar_position: 2 },
  sidebar: 'harbingerSidebar',
  previous: { title: 'Pricing', permalink: '/en/docs/harbinger/Sales/price' }
}
undefined
AuthProvider mounted
{
  id: 'harbinger/intro',
  title: 'What is Harbinger?',
  description: 'Harbinger Banner',
  source: '@site/i18n/en/docusaurus-plugin-content-docs/current/harbinger/intro.md',
  sourceDirName: 'harbinger',
  slug: '/harbinger/intro',
  permalink: '/en/docs/harbinger/intro',
  draft: false,
  unlisted: false,
  tags: [],
  version: 'current',
  sidebarPosition: 1,
  frontMatter: {
    sidebar_label: 'Harbinger',
    title: 'What is Harbinger?',
    sidebar_position: 1,
    iconName: 'Harbinger',
    useBrand: true,
    pdfDoc: 'https://seidoranalytics-my.sharepoint.com/:b:/g/personal/admin_seidoranalytics_onmicrosoft_com/EeycI3gso3lPlU8ymBy2v-IBN0kKMbCEW2IZ3jHGM0YmBw?e=YZo26h'
  },
  sidebar: 'harbingerSidebar',
  next: {
    title: 'Battle Card',
    permalink: '/en/docs/harbinger/presales/Battle/'
  }
}
Harbinger
AuthProvider mounted
{
  id: 'harbinger/presales/Battle/index',
  title: 'Battle Card',
  description: '',
  source: '@site/docs/harbinger/presales/Battle/index.md',
  sourceDirName: 'harbinger/presales/Battle',
  slug: '/harbinger/presales/Battle/',
  permalink: '/en/docs/harbinger/presales/Battle/',
  draft: false,
  unlisted: false,
  tags: [],
  version: 'current',
  frontMatter: { title: 'Battle Card' },
  sidebar: 'harbingerSidebar',
  previous: { title: 'Harbinger', permalink: '/en/docs/harbinger/intro' },
  next: { title: 'Demos', permalink: '/en/docs/harbinger/presales/demos' }
}
undefined
AuthProvider mounted
{
  id: 'harbinger/presales/demos',
  title: 'Demos',
  description: '<Webinar',
  source: '@site/docs/harbinger/presales/demos.md',
  sourceDirName: 'harbinger/presales',
  slug: '/harbinger/presales/demos',
  permalink: '/en/docs/harbinger/presales/demos',
  draft: false,
  unlisted: false,
  tags: [],
  version: 'current',
  sidebarPosition: 2,
  frontMatter: { title: 'Demos', sidebar_position: 2 },
  sidebar: 'harbingerSidebar',
  previous: {
    title: 'Battle Card',
    permalink: '/en/docs/harbinger/presales/Battle/'
  },
  next: {
    title: 'Webinars',
    permalink: '/en/docs/harbinger/presales/webinars'
  }
}
undefined
AuthProvider mounted
{
  id: 'harbinger/presales/webinars',
  title: 'Webinars',
  description: 'Todos los Webinars',
  source: '@site/docs/harbinger/presales/webinars.md',
  sourceDirName: 'harbinger/presales',
  slug: '/harbinger/presales/webinars',
  permalink: '/en/docs/harbinger/presales/webinars',
  draft: false,
  unlisted: false,
  tags: [],
  version: 'current',
  sidebarPosition: 3,
  frontMatter: {
    title: 'Webinars',
    hide_title: true,
    sidebar_position: 3,
    hide_table_of_contents: true
  },
  sidebar: 'harbingerSidebar',
  previous: { title: 'Demos', permalink: '/en/docs/harbinger/presales/demos' },
  next: { title: 'Commercial', permalink: '/en/docs/harbinger/Sales/' }
}
undefined
AuthProvider mounted
{
  id: 'harbinger/Sales/index',
  title: 'Commercial',
  description: 'En esta secci├│n encontrar├ís toda la documentaci├│n relacionada con la gesti├│n comercial de nuestros productos. Aqu├¡ reunimos materiales de apoyo, presentaciones y recursos clave dise├▒ados para facilitar la comunicaci├│n con clientes y prospectos, resaltar el valor de nuestras soluciones y acompa├▒ar el proceso de ventas de manera clara y efectiva.',
  source: '@site/docs/harbinger/Sales/index.md',
  sourceDirName: 'harbinger/Sales',
  slug: '/harbinger/Sales/',
  permalink: '/en/docs/harbinger/Sales/',
  draft: false,
  unlisted: false,
  tags: [],
  version: 'current',
  sidebarPosition: 2,
  frontMatter: { title: 'Commercial', sidebar_position: 2 },
  sidebar: 'harbingerSidebar',
  previous: {
    title: 'Webinars',
    permalink: '/en/docs/harbinger/presales/webinars'
  },
  next: { title: 'Pricing', permalink: '/en/docs/harbinger/Sales/price' }
}
undefined
AuthProvider mounted
{
  id: 'harbinger/Sales/price',
  title: 'Pricing',
  description: '<BoxDoc',
  source: '@site/docs/harbinger/Sales/price.md',
  sourceDirName: 'harbinger/Sales',
  slug: '/harbinger/Sales/price',
  permalink: '/en/docs/harbinger/Sales/price',
  draft: false,
  unlisted: false,
  tags: [],
  version: 'current',
  frontMatter: { title: 'Pricing', hide_table_of_contents: true },
  sidebar: 'harbingerSidebar',
  previous: { title: 'Commercial', permalink: '/en/docs/harbinger/Sales/' },
  next: {
    title: 'Documentacion',
    permalink: '/en/docs/harbinger/documentacion/'
  }
}
undefined
AuthProvider mounted
{
  id: 'intro',
  title: 'Tutorial Intro',
  description: "Let's discover Docusaurus in less than 5 minutes.",
  source: '@site/i18n/en/docusaurus-plugin-content-docs/current/intro.md',
  sourceDirName: '.',
  slug: '/intro',
  permalink: '/en/docs/intro',
  draft: false,
  unlisted: false,
  tags: [],
  version: 'current',
  sidebarPosition: 1,
  frontMatter: { sidebar_position: 1 }
}
undefined
AuthProvider mounted
{
  id: 'planning/intro',
  title: 'SAC Planning',
  description: 'What is Act┬Àin | SAC Planning?',
  source: '@site/i18n/en/docusaurus-plugin-content-docs/current/planning/intro.md',
  sourceDirName: 'planning',
  slug: '/planning/intro',
  permalink: '/en/docs/planning/intro',
  draft: false,
  unlisted: false,
  tags: [],
  version: 'current',
  sidebarPosition: 1,
  frontMatter: {
    sidebar_label: 'SAC Planning',
    title: 'SAC Planning',
    sidebar_position: 1,
    iconName: 'SAP',
    useBrand: true,
    pdfDoc: 'https://seidoranalytics-my.sharepoint.com/:b:/g/personal/admin_seidoranalytics_onmicrosoft_com/EeycI3gso3lPlU8ymBy2v-IBN0kKMbCEW2IZ3jHGM0YmBw?e=YZo26h'
  }
}
SAP
AuthProvider mounted
{
  id: 's4hanaanalytics/intro',
  title: 'SAP S/4HANA analyticsÔÇï',
  description: 'What is ActÔêÖin | SAP S/4HANA analytics?',
  source: '@site/i18n/en/docusaurus-plugin-content-docs/current/s4hanaanalytics/intro.md',
  sourceDirName: 's4hanaanalytics',
  slug: '/s4hanaanalytics/intro',
  permalink: '/en/docs/s4hanaanalytics/intro',
  draft: false,
  unlisted: false,
  tags: [],
  version: 'current',
  sidebarPosition: 1,
  frontMatter: {
    sidebar_label: 'SAP S/4HANA analyticsÔÇï',
    title: 'SAP S/4HANA analyticsÔÇï',
    sidebar_position: 1,
    iconName: 'SAP',
    useBrand: true,
    pdfDoc: 'https://seidoranalytics-my.sharepoint.com/:p:/g/personal/admin_seidoranalytics_onmicrosoft_com/Ef3na5Exb5NOt3fLO7yVDZEBWUfc_5hAfglFJpw6zFbPaw?e=a9czkd'
  },
  sidebar: 's4hanaanalytics',
  next: {
    title: 'Battle Card',
    permalink: '/en/docs/s4hanaanalytics/presales/Battle/'
  }
}
SAP
AuthProvider mounted
{
  id: 's4hanaanalytics/presales/Battle/index',
  title: 'Battle Card',
  description: '',
  source: '@site/docs/s4hanaanalytics/presales/Battle/index.md',
  sourceDirName: 's4hanaanalytics/presales/Battle',
  slug: '/s4hanaanalytics/presales/Battle/',
  permalink: '/en/docs/s4hanaanalytics/presales/Battle/',
  draft: false,
  unlisted: false,
  tags: [],
  version: 'current',
  frontMatter: { title: 'Battle Card' },
  sidebar: 's4hanaanalytics',
  previous: {
    title: 'SAP S/4HANA analyticsÔÇï',
    permalink: '/en/docs/s4hanaanalytics/intro'
  },
  next: {
    title: 'Demos',
    permalink: '/en/docs/s4hanaanalytics/presales/demos'
  }
}
undefined
AuthProvider mounted
{
  id: 's4hanaanalytics/presales/demos',
  title: 'Demos',
  description: '',
  source: '@site/docs/s4hanaanalytics/presales/demos.md',
  sourceDirName: 's4hanaanalytics/presales',
  slug: '/s4hanaanalytics/presales/demos',
  permalink: '/en/docs/s4hanaanalytics/presales/demos',
  draft: false,
  unlisted: false,
  tags: [],
  version: 'current',
  sidebarPosition: 2,
  frontMatter: { title: 'Demos', sidebar_position: 2 },
  sidebar: 's4hanaanalytics',
  previous: {
    title: 'Battle Card',
    permalink: '/en/docs/s4hanaanalytics/presales/Battle/'
  },
  next: {
    title: 'Casos de uso',
    permalink: '/en/docs/s4hanaanalytics/Sales/casosdeuso'
  }
}
undefined
AuthProvider mounted
{
  id: 's4hanaanalytics/Sales/casosdeuso',
  title: 'Casos de uso',
  description: '',
  source: '@site/docs/s4hanaanalytics/Sales/casosdeuso.md',
  sourceDirName: 's4hanaanalytics/Sales',
  slug: '/s4hanaanalytics/Sales/casosdeuso',
  permalink: '/en/docs/s4hanaanalytics/Sales/casosdeuso',
  draft: false,
  unlisted: false,
  tags: [],
  version: 'current',
  sidebarPosition: 2,
  frontMatter: { title: 'Casos de uso', sidebar_position: 2 },
  sidebar: 's4hanaanalytics',
  previous: {
    title: 'Demos',
    permalink: '/en/docs/s4hanaanalytics/presales/demos'
  },
  next: {
    title: 'Pricing',
    permalink: '/en/docs/s4hanaanalytics/Sales/price'
  }
}
undefined
AuthProvider mounted
{
  id: 's4hanaanalytics/Sales/price',
  title: 'Pricing',
  description: 'Material Comercial',
  source: '@site/docs/s4hanaanalytics/Sales/price.md',
  sourceDirName: 's4hanaanalytics/Sales',
  slug: '/s4hanaanalytics/Sales/price',
  permalink: '/en/docs/s4hanaanalytics/Sales/price',
  draft: false,
  unlisted: false,
  tags: [],
  version: 'current',
  frontMatter: { title: 'Pricing' },
  sidebar: 's4hanaanalytics',
  previous: {
    title: 'Casos de uso',
    permalink: '/en/docs/s4hanaanalytics/Sales/casosdeuso'
  }
}
undefined
AuthProvider mounted
{
  id: 'successfactors/intro',
  title: 'Success FactorsÔÇï',
  description: 'What is Act-In for Success Factors?ÔÇï',
  source: '@site/i18n/en/docusaurus-plugin-content-docs/current/successfactors/intro.md',
  sourceDirName: 'successfactors',
  slug: '/successfactors/intro',
  permalink: '/en/docs/successfactors/intro',
  draft: false,
  unlisted: false,
  tags: [],
  version: 'current',
  sidebarPosition: 1,
  frontMatter: {
    sidebar_label: 'Success FactorsÔÇï',
    title: 'Success FactorsÔÇï',
    sidebar_position: 1,
    iconName: 'SAP',
    useBrand: true,
    pdfDoc: 'https://seidoranalytics-my.sharepoint.com/:p:/g/personal/admin_seidoranalytics_onmicrosoft_com/Edhd58uDtvVLu10mEGEn0WABrh8Dr455bTgT2nQxgj2aJw?e=c4IkHi'
  }
}
SAP
AuthProvider mounted
[SUCCESS] Generated static files in "build\en".
[INFO] Use `npm run serve` command to test your build locally.
